Sun Jan 25 22:08:18 IST 2015
65: 5 13
1,2c1
< heue mei name is shikhuwg.
< abc
---
> Hi! My name is shikhar.
heue mei name is shikhuwg.
32	.
/dev/pts/9
NAME     LINE         TIME             COMMENT
admin-hp :0           2015-01-25 21:49 (:0)
admin-hp pts/9        2015-01-25 22:03 (:0)
Filesystem     1K-blocks     Used Available Use% Mounted on
/dev/sda6       59080868  5446492  50610200  10% /
none                   4        0         4   0% /sys/fs/cgroup
udev             2993832        4   2993828   1% /dev
tmpfs             600928     1108    599820   1% /run
none                5120        0      5120   0% /run/lock
none             3004620    20072   2984548   1% /run/shm
none              102400       68    102332   1% /run/user
/dev/sda1         523248    21804    501444   5% /boot/efi
/dev/sda5       82635352 26002268  56633084  32% /media/admin-hp/New Volume
CreatedViaTerminal:
Usage:	iw [options] command
Options:
	--debug		enable netlink debugging
	--version	show version (3.4)
Commands:
	help [command]
	event [-t] [-r] [-f]
	phy
	list
	phy <phyname> info
	dev
	dev <devname> info
	dev <devname> del
	dev <devname> interface add <name> type <type> [mesh_id <meshid>] [4addr on|off] [flags <flag>*]
	phy <phyname> interface add <name> type <type> [mesh_id <meshid>] [4addr on|off] [flags <flag>*]
	dev <devname> ibss join <SSID> <freq in MHz> [HT20|HT40+|HT40-|NOHT] [fixed-freq] [<fixed bssid>] [beacon-interval <TU>] [basic-rates <rate in Mbps,rate2,...>] [mcast-rate <rate in Mbps>] [key d:0:abcde]
	dev <devname> ibss leave
	dev <devname> station dump
	dev <devname> station set <MAC address> vlan <ifindex>
	dev <devname> station set <MAC address> plink_action <open|block>
	dev <devname> station del <MAC address>
	dev <devname> station get <MAC address>
	dev <devname> survey dump
	dev <devname> mesh leave
	dev <devname> mesh join <mesh ID> [mcast-rate <rate in Mbps>] [<param>=<value>]*
	dev <devname> mpath dump
	dev <devname> mpath set <destination MAC address> next_hop <next hop MAC address>
	dev <devname> mpath new <destination MAC address> next_hop <next hop MAC address>
	dev <devname> mpath del <MAC address>
	dev <devname> mpath get <MAC address>
	dev <devname> scan [-u] [freq <freq>*] [ies <hex as 00:11:..>] [ssid <ssid>*|passive]
	dev <devname> scan trigger [freq <freq>*] [ies <hex as 00:11:..>] [ssid <ssid>*|passive]
	dev <devname> scan dump [-u]
	reg get
	reg set <ISO/IEC 3166-1 alpha2>
	dev <devname> connect [-w] <SSID> [<freq in MHz>] [<bssid>] [key 0:abcde d:1:6162636465]
	dev <devname> disconnect
	dev <devname> link
	dev <devname> offchannel <freq> <duration>
	dev <devname> cqm rssi <threshold|off> [<hysteresis>]
	phy <phyname> wowlan show 
	phy <phyname> wowlan disable 
	phy <phyname> wowlan enable [any] [disconnect] [magic-packet] [gtk-rekey-failure] [eap-identity-request] [4way-handshake] [rfkill-release] [patterns <pattern>*]
	dev <devname> roc start <freq> <time>
	phy <phyname> set antenna <bitmap> | all | <tx bitmap> <rx bitmap>
	dev <devname> set txpower <auto|fixed|limit> [<tx power in mBm>]
	phy <phyname> set txpower <auto|fixed|limit> [<tx power in mBm>]
	phy <phyname> set distance <distance>
	phy <phyname> set coverage <coverage class>
	phy <phyname> set netns <pid>
	phy <phyname> set rts <rts threshold|off>
	phy <phyname> set frag <fragmentation threshold|off>
	dev <devname> set channel <channel> [HT20|HT40+|HT40-]
	phy <phyname> set channel <channel> [HT20|HT40+|HT40-]
	dev <devname> set freq <freq> [HT20|HT40+|HT40-]
	phy <phyname> set freq <freq> [HT20|HT40+|HT40-]
	phy <phyname> set name <new name>
	dev <devname> set peer <MAC address>
	dev <devname> set noack_map <map>
	dev <devname> set 4addr <on|off>
	dev <devname> set type <type>
	dev <devname> set meshid <meshid>
	dev <devname> set monitor <flag>*
	dev <devname> set mesh_param <param>=<value> [<param>=<value>]*
	dev <devname> set power_save <on|off>
	dev <devname> set bitrates [legacy-<2.4|5> <legacy rate in Mbps>*] [mcs-<2.4|5> <MCS index>*]
	dev <devname> get mesh_param [<param>]
	dev <devname> get power_save <param>

You can omit the 'phy' or 'dev' if the identification is unique,
e.g. "iw wlan0 info" or "iw phy0 info". (Don't when scripting.)

Do NOT screenscrape this tool, we don't consider its output stable.

admin-hp pts/9        :0               Sun Jan 25 22:03   still logged in   
admin-hp pts/0        :0               Sun Jan 25 21:51 - 21:52  (00:00)    
admin-hp :0           :0               Sun Jan 25 21:49   still logged in   
reboot   system boot  3.13.0-44-generi Sun Jan 25 21:49 - 22:08  (00:18)    
admin-hp pts/0        :0               Fri Jan 23 16:38 - 17:27  (00:48)    
admin-hp pts/13       :0               Fri Jan 23 15:03 - 17:27  (02:23)    
admin-hp :0           :0               Fri Jan 23 15:03 - down   (02:25)    
reboot   system boot  3.13.0-44-generi Fri Jan 23 15:03 - 17:28  (02:25)    
admin-hp pts/23       :0               Fri Jan 23 14:15 - 15:02  (00:47)    
admin-hp :0           :0               Fri Jan 23 13:54 - down   (01:08)    
reboot   system boot  3.13.0-32-generi Fri Jan 23 13:54 - 15:02  (01:08)    
admin-hp pts/1        :0               Thu Jan 22 19:48 - 19:55  (00:06)    
admin-hp pts/4        :0               Thu Jan 22 19:40 - 19:40  (00:00)    
admin-hp :0           :0               Thu Jan 22 19:40 - down   (00:15)    
reboot   system boot  3.13.0-32-generi Thu Jan 22 19:40 - 19:55  (00:15)    
admin-hp :0           :0               Thu Jan 22 23:38 - down   (-5:-25)   
reboot   system boot  3.13.0-32-generi Thu Jan 22 23:38 - 18:13  (-5:-25)   
admin-hp :0           :0               Thu Jan 22 21:54 - down   (00:23)    
reboot   system boot  3.13.0-32-generi Thu Jan 22 21:53 - 22:17  (00:24)    
admin-hp :0           :0               Thu Jan 22 20:10 - down   (00:04)    
reboot   system boot  3.13.0-32-generi Thu Jan 22 20:10 - 20:14  (00:04)    
admin-hp :0           :0               Thu Jan 22 20:03 - down   (00:04)    
reboot   system boot  3.13.0-32-generi Thu Jan 22 20:02 - 20:07  (00:04)    
admin-hp :0           :0               Thu Jan 22 19:47 - down   (00:03)    
reboot   system boot  3.13.0-32-generi Thu Jan 22 19:47 - 19:50  (00:03)    

wtmp begins Thu Jan 22 19:47:05 2015
abc
heue mei name is shikhuwg.
eth0      Link encap:Ethernet  HWaddr 84:34:97:7f:bf:d4  
          UP BROADCAST MULTICAST  MTU:1500  Metric:1
          RX packets:0 errors:0 dropped:0 overruns:0 frame:0
          TX packets:0 errors:0 dropped:0 overruns:0 carrier:0
          collisions:0 txqueuelen:1000 
          RX bytes:0 (0.0 B)  TX bytes:0 (0.0 B)

eth1      Link encap:Ethernet  HWaddr 00:1e:10:1f:00:00  
          inet addr:192.168.1.102  Bcast:192.168.1.255  Mask:255.255.255.0
          inet6 addr: fe80::21e:10ff:fe1f:0/64 Scope:Link
          UP BROADCAST RUNNING MULTICAST  MTU:1500  Metric:1
          RX packets:49291 errors:0 dropped:0 overruns:0 frame:0
          TX packets:37193 errors:0 dropped:0 overruns:0 carrier:0
          collisions:0 txqueuelen:1000 
          RX bytes:68138085 (68.1 MB)  TX bytes:4831811 (4.8 MB)

lo        Link encap:Local Loopback  
          inet addr:127.0.0.1  Mask:255.0.0.0
          inet6 addr: ::1/128 Scope:Host
          UP LOOPBACK RUNNING  MTU:65536  Metric:1
          RX packets:734 errors:0 dropped:0 overruns:0 frame:0
          TX packets:734 errors:0 dropped:0 overruns:0 carrier:0
          collisions:0 txqueuelen:0 
          RX bytes:66093 (66.0 KB)  TX bytes:66093 (66.0 KB)

wlan0     Link encap:Ethernet  HWaddr 20:68:9d:ce:96:73  
          inet addr:192.168.1.103  Bcast:192.168.1.255  Mask:255.255.255.0
          inet6 addr: fe80::2268:9dff:fece:9673/64 Scope:Link
          UP BROADCAST RUNNING MULTICAST  MTU:1500  Metric:1
          RX packets:115 errors:0 dropped:0 overruns:0 frame:0
          TX packets:67 errors:0 dropped:0 overruns:0 carrier:0
          collisions:0 txqueuelen:1000 
          RX bytes:8775 (8.7 KB)  TX bytes:11549 (11.5 KB)

Linux admin-hp 3.13.0-44-generic #73-Ubuntu SMP Tue Dec 16 00:22:43 UTC 2014 x86_64 x86_64 x86_64 GNU/Linux
5
6
7
8
9
10
11
12
13
14
15
16
17
18
19
20
10
12
14
16
18
20
22
24
26
28
30
32
34
36
38
40
42
44
46
48
50
USER       PID %CPU %MEM    VSZ   RSS TTY      STAT START   TIME COMMAND
root       895  0.0  0.0  20016   964 tty4     Ss+  21:49   0:00 /sbin/getty -8 38400 tty4
root       899  0.0  0.0  20016   964 tty5     Ss+  21:49   0:00 /sbin/getty -8 38400 tty5
root       905  0.0  0.0  20016   956 tty2     Ss+  21:49   0:00 /sbin/getty -8 38400 tty2
root       906  0.0  0.0  20016   964 tty3     Ss+  21:49   0:00 /sbin/getty -8 38400 tty3
root       909  0.0  0.0  20016   968 tty6     Ss+  21:49   0:00 /sbin/getty -8 38400 tty6
root      1073  0.0  0.0  20016   964 tty1     Ss+  21:49   0:00 /sbin/getty -8 38400 tty1
root      1074  2.2  0.5 284380 35080 tty7     Ssl+ 21:49   0:25 /usr/bin/X -core :0 -seat seat0 -auth /var/run/lightdm/root/:0 -nolisten tcp vt7 -novtswitch
root      3834  0.5  0.0  71480  2392 pts/9    S+   22:08   0:00 sudo sh OS_fileWriting.sh
root      3835  0.0  0.0   4444   688 pts/9    S+   22:08   0:00 sh OS_fileWriting.sh
root      3852  0.0  0.0  22644  1308 pts/9    R+   22:08   0:00 ps -u
         system boot  2015-01-25 21:49
             total       used       free     shared    buffers     cached
Mem:       6009244    2210556    3798688     201576     125464    1069332
-/+ buffers/cache:    1015760    4993484
Swap:      6190076          0    6190076
heue mei name is shikhuwg.
abc
heue mei name is shikhuwg.
abc
heue mei name is shikhuwg.
abc
[    0.000000] Initializing cgroup subsys cpuset
[    0.000000] Initializing cgroup subsys cpu
[    0.000000] Initializing cgroup subsys cpuacct
[    0.000000] Linux version 3.13.0-44-generic (buildd@lamiak) (gcc version 4.8.2 (Ubuntu 4.8.2-19ubuntu1) ) #73-Ubuntu SMP Tue Dec 16 00:22:43 UTC 2014 (Ubuntu 3.13.0-44.73-generic 3.13.11-ckt12)
[    0.000000] Command line: BOOT_IMAGE=/boot/vmlinuz-3.13.0-44-generic.efi.signed root=UUID=94407fe5-14fc-4ab6-8119-7f50a950e21e ro quiet splash vt.handoff=7
[    0.000000] KERNEL supported cpus:
[    0.000000]   Intel GenuineIntel
[    0.000000]   AMD AuthenticAMD
[    0.000000]   Centaur CentaurHauls
[    0.000000] e820: BIOS-provided physical RAM map:
[    0.000000] BIOS-e820: [mem 0x0000000000000000-0x0000000000087fff] usable
[    0.000000] BIOS-e820: [mem 0x0000000000088000-0x00000000000bffff] reserved
[    0.000000] BIOS-e820: [mem 0x0000000000100000-0x000000001fffffff] usable
[    0.000000] BIOS-e820: [mem 0x0000000020000000-0x00000000201fffff] reserved
[    0.000000] BIOS-e820: [mem 0x0000000020200000-0x0000000040003fff] usable
[    0.000000] BIOS-e820: [mem 0x0000000040004000-0x0000000040004fff] reserved
[    0.000000] BIOS-e820: [mem 0x0000000040005000-0x00000000aa7befff] usable
[    0.000000] BIOS-e820: [mem 0x00000000aa7bf000-0x00000000aa899fff] type 20
[    0.000000] BIOS-e820: [mem 0x00000000aa89a000-0x00000000aa89afff] reserved
[    0.000000] BIOS-e820: [mem 0x00000000aa89b000-0x00000000aa8a4fff] type 20
[    0.000000] BIOS-e820: [mem 0x00000000aa8a5000-0x00000000aa8a6fff] reserved
[    0.000000] BIOS-e820: [mem 0x00000000aa8a7000-0x00000000aa8b9fff] type 20
[    0.000000] BIOS-e820: [mem 0x00000000aa8ba000-0x00000000aa8bafff] reserved
[    0.000000] BIOS-e820: [mem 0x00000000aa8bb000-0x00000000aa8ddfff] type 20
[    0.000000] BIOS-e820: [mem 0x00000000aa8de000-0x00000000aa931fff] reserved
[    0.000000] BIOS-e820: [mem 0x00000000aa932000-0x00000000aa9befff] type 20
[    0.000000] BIOS-e820: [mem 0x00000000aa9bf000-0x00000000aaebefff] reserved
[    0.000000] BIOS-e820: [mem 0x00000000aaebf000-0x00000000aafbefff] ACPI NVS
[    0.000000] BIOS-e820: [mem 0x00000000aafbf000-0x00000000aaffefff] ACPI data
[    0.000000] BIOS-e820: [mem 0x00000000aafff000-0x00000000aaffffff] usable
[    0.000000] BIOS-e820: [mem 0x00000000ab000000-0x00000000af9fffff] reserved
[    0.000000] BIOS-e820: [mem 0x00000000f0000000-0x00000000f3ffffff] reserved
[    0.000000] BIOS-e820: [mem 0x00000000feb00000-0x00000000feb03fff] reserved
[    0.000000] BIOS-e820: [mem 0x00000000fec00000-0x00000000fec00fff] reserved
[    0.000000] BIOS-e820: [mem 0x00000000fed10000-0x00000000fed19fff] reserved
[    0.000000] BIOS-e820: [mem 0x00000000fed1c000-0x00000000fed1ffff] reserved
[    0.000000] BIOS-e820: [mem 0x00000000fee00000-0x00000000fee00fff] reserved
[    0.000000] BIOS-e820: [mem 0x00000000ffd80000-0x00000000ffffffff] reserved
[    0.000000] BIOS-e820: [mem 0x0000000100000000-0x00000001cf5fffff] usable
[    0.000000] NX (Execute Disable) protection: active
[    0.000000] efi: EFI v2.31 by INSYDE Corp.
[    0.000000] efi:  ACPI=0xaaffe000  ACPI 2.0=0xaaffe014  SMBIOS=0xaaebef98 
[    0.000000] efi: mem00: type=3, attr=0xf, range=[0x0000000000000000-0x0000000000001000) (0MB)
[    0.000000] efi: mem01: type=7, attr=0xf, range=[0x0000000000001000-0x000000000000e000) (0MB)
[    0.000000] efi: mem02: type=3, attr=0xf, range=[0x000000000000e000-0x0000000000010000) (0MB)
[    0.000000] efi: mem03: type=7, attr=0xf, range=[0x0000000000010000-0x000000000002c000) (0MB)
[    0.000000] efi: mem04: type=4, attr=0xf, range=[0x000000000002c000-0x000000000002e000) (0MB)
[    0.000000] efi: mem05: type=3, attr=0xf, range=[0x000000000002e000-0x000000000002f000) (0MB)
[    0.000000] efi: mem06: type=4, attr=0xf, range=[0x000000000002f000-0x0000000000030000) (0MB)
[    0.000000] efi: mem07: type=3, attr=0xf, range=[0x0000000000030000-0x000000000006f000) (0MB)
[    0.000000] efi: mem08: type=4, attr=0xf, range=[0x000000000006f000-0x0000000000070000) (0MB)
[    0.000000] efi: mem09: type=3, attr=0xf, range=[0x0000000000070000-0x0000000000088000) (0MB)
[    0.000000] efi: mem10: type=6, attr=0x800000000000000f, range=[0x0000000000088000-0x00000000000a0000) (0MB)
[    0.000000] efi: mem11: type=2, attr=0xf, range=[0x0000000000100000-0x0000000001503000) (20MB)
[    0.000000] efi: mem12: type=7, attr=0xf, range=[0x0000000001503000-0x0000000002000000) (10MB)
[    0.000000] efi: mem13: type=2, attr=0xf, range=[0x0000000002000000-0x0000000003403000) (20MB)
[    0.000000] efi: mem14: type=7, attr=0xf, range=[0x0000000003403000-0x0000000020000000) (459MB)
[    0.000000] efi: mem15: type=0, attr=0xf, range=[0x0000000020000000-0x0000000020200000) (2MB)
[    0.000000] efi: mem16: type=7, attr=0xf, range=[0x0000000020200000-0x0000000035b4e000) (345MB)
[    0.000000] efi: mem17: type=2, attr=0xf, range=[0x0000000035b4e000-0x0000000036d9f000) (18MB)
[    0.000000] efi: mem18: type=7, attr=0xf, range=[0x0000000036d9f000-0x0000000040004000) (146MB)
[    0.000000] efi: mem19: type=0, attr=0xf, range=[0x0000000040004000-0x0000000040005000) (0MB)
[    0.000000] efi: mem20: type=7, attr=0xf, range=[0x0000000040005000-0x00000000716e6000) (790MB)
[    0.000000] efi: mem21: type=2, attr=0xf, range=[0x00000000716e6000-0x000000009b1c0000) (666MB)
[    0.000000] efi: mem22: type=4, attr=0xf, range=[0x000000009b1c0000-0x000000009b1e0000) (0MB)
[    0.000000] efi: mem23: type=7, attr=0xf, range=[0x000000009b1e0000-0x00000000a55d2000) (163MB)
[    0.000000] efi: mem24: type=2, attr=0xf, range=[0x00000000a55d2000-0x00000000a57a6000) (1MB)
[    0.000000] efi: mem25: type=4, attr=0xf, range=[0x00000000a57a6000-0x00000000a61b0000) (10MB)
[    0.000000] efi: mem26: type=7, attr=0xf, range=[0x00000000a61b0000-0x00000000a61bd000) (0MB)
[    0.000000] efi: mem27: type=2, attr=0xf, range=[0x00000000a61bd000-0x00000000a61bf000) (0MB)
[    0.000000] efi: mem28: type=7, attr=0xf, range=[0x00000000a61bf000-0x00000000a628b000) (0MB)
[    0.000000] efi: mem29: type=1, attr=0xf, range=[0x00000000a628b000-0x00000000a63bf000) (1MB)
[    0.000000] efi: mem30: type=7, attr=0xf, range=[0x00000000a63bf000-0x00000000a779f000) (19MB)
[    0.000000] efi: mem31: type=4, attr=0xf, range=[0x00000000a779f000-0x00000000a8029000) (8MB)
[    0.000000] efi: mem32: type=7, attr=0xf, range=[0x00000000a8029000-0x00000000a8031000) (0MB)
[    0.000000] efi: mem33: type=4, attr=0xf, range=[0x00000000a8031000-0x00000000a8432000) (4MB)
[    0.000000] efi: mem34: type=7, attr=0xf, range=[0x00000000a8432000-0x00000000a8715000) (2MB)
[    0.000000] efi: mem35: type=4, attr=0xf, range=[0x00000000a8715000-0x00000000a878d000) (0MB)
[    0.000000] efi: mem36: type=7, attr=0xf, range=[0x00000000a878d000-0x00000000a8795000) (0MB)
[    0.000000] efi: mem37: type=4, attr=0xf, range=[0x00000000a8795000-0x00000000a87d9000) (0MB)
[    0.000000] efi: mem38: type=7, attr=0xf, range=[0x00000000a87d9000-0x00000000a87db000) (0MB)
[    0.000000] efi: mem39: type=4, attr=0xf, range=[0x00000000a87db000-0x00000000a8814000) (0MB)
[    0.000000] efi: mem40: type=7, attr=0xf, range=[0x00000000a8814000-0x00000000a8816000) (0MB)
[    0.000000] efi: mem41: type=4, attr=0xf, range=[0x00000000a8816000-0x00000000a8823000) (0MB)
[    0.000000] efi: mem42: type=7, attr=0xf, range=[0x00000000a8823000-0x00000000a8828000) (0MB)
[    0.000000] efi: mem43: type=4, attr=0xf, range=[0x00000000a8828000-0x00000000a8830000) (0MB)
[    0.000000] efi: mem44: type=7, attr=0xf, range=[0x00000000a8830000-0x00000000a8831000) (0MB)
[    0.000000] efi: mem45: type=4, attr=0xf, range=[0x00000000a8831000-0x00000000a885a000) (0MB)
[    0.000000] efi: mem46: type=7, attr=0xf, range=[0x00000000a885a000-0x00000000a885b000) (0MB)
[    0.000000] efi: mem47: type=4, attr=0xf, range=[0x00000000a885b000-0x00000000a8965000) (1MB)
[    0.000000] efi: mem48: type=7, attr=0xf, range=[0x00000000a8965000-0x00000000a8968000) (0MB)
[    0.000000] efi: mem49: type=4, attr=0xf, range=[0x00000000a8968000-0x00000000a8969000) (0MB)
[    0.000000] efi: mem50: type=7, attr=0xf, range=[0x00000000a8969000-0x00000000a896a000) (0MB)
[    0.000000] efi: mem51: type=4, attr=0xf, range=[0x00000000a896a000-0x00000000a896b000) (0MB)
[    0.000000] efi: mem52: type=7, attr=0xf, range=[0x00000000a896b000-0x00000000a896e000) (0MB)
[    0.000000] efi: mem53: type=4, attr=0xf, range=[0x00000000a896e000-0x00000000a89e0000) (0MB)
[    0.000000] efi: mem54: type=7, attr=0xf, range=[0x00000000a89e0000-0x00000000a89e3000) (0MB)
[    0.000000] efi: mem55: type=4, attr=0xf, range=[0x00000000a89e3000-0x00000000a89e7000) (0MB)
[    0.000000] efi: mem56: type=7, attr=0xf, range=[0x00000000a89e7000-0x00000000a89e9000) (0MB)
[    0.000000] efi: mem57: type=4, attr=0xf, range=[0x00000000a89e9000-0x00000000a8a2d000) (0MB)
[    0.000000] efi: mem58: type=7, attr=0xf, range=[0x00000000a8a2d000-0x00000000a8a32000) (0MB)
[    0.000000] efi: mem59: type=4, attr=0xf, range=[0x00000000a8a32000-0x00000000a8a41000) (0MB)
[    0.000000] efi: mem60: type=7, attr=0xf, range=[0x00000000a8a41000-0x00000000a8a4e000) (0MB)
[    0.000000] efi: mem61: type=4, attr=0xf, range=[0x00000000a8a4e000-0x00000000a8a6b000) (0MB)
[    0.000000] efi: mem62: type=7, attr=0xf, range=[0x00000000a8a6b000-0x00000000a8a70000) (0MB)
[    0.000000] efi: mem63: type=4, attr=0xf, range=[0x00000000a8a70000-0x00000000a8a9b000) (0MB)
[    0.000000] efi: mem64: type=7, attr=0xf, range=[0x00000000a8a9b000-0x00000000a8a9c000) (0MB)
[    0.000000] efi: mem65: type=4, attr=0xf, range=[0x00000000a8a9c000-0x00000000a8adc000) (0MB)
[    0.000000] efi: mem66: type=7, attr=0xf, range=[0x00000000a8adc000-0x00000000a8add000) (0MB)
[    0.000000] efi: mem67: type=4, attr=0xf, range=[0x00000000a8add000-0x00000000a8e21000) (3MB)
[    0.000000] efi: mem68: type=7, attr=0xf, range=[0x00000000a8e21000-0x00000000a8e2b000) (0MB)
[    0.000000] efi: mem69: type=4, attr=0xf, range=[0x00000000a8e2b000-0x00000000a8e45000) (0MB)
[    0.000000] efi: mem70: type=7, attr=0xf, range=[0x00000000a8e45000-0x00000000a8e47000) (0MB)
[    0.000000] efi: mem71: type=4, attr=0xf, range=[0x00000000a8e47000-0x00000000aa3bf000) (21MB)
[    0.000000] efi: mem72: type=7, attr=0xf, range=[0x00000000aa3bf000-0x00000000aa488000) (0MB)
[    0.000000] efi: mem73: type=2, attr=0xf, range=[0x00000000aa488000-0x00000000aa494000) (0MB)
[    0.000000] efi: mem74: type=3, attr=0xf, range=[0x00000000aa494000-0x00000000aa7bf000) (3MB)
[    0.000000] efi: mem75: type=5, attr=0x800000000000000f, range=[0x00000000aa7bf000-0x00000000aa89a000) (0MB)
[    0.000000] efi: mem76: type=6, attr=0x800000000000000f, range=[0x00000000aa89a000-0x00000000aa89b000) (0MB)
[    0.000000] efi: mem77: type=5, attr=0x800000000000000f, range=[0x00000000aa89b000-0x00000000aa8a5000) (0MB)
[    0.000000] efi: mem78: type=6, attr=0x800000000000000f, range=[0x00000000aa8a5000-0x00000000aa8a7000) (0MB)
[    0.000000] efi: mem79: type=5, attr=0x800000000000000f, range=[0x00000000aa8a7000-0x00000000aa8ba000) (0MB)
[    0.000000] efi: mem80: type=6, attr=0x800000000000000f, range=[0x00000000aa8ba000-0x00000000aa8bb000) (0MB)
[    0.000000] efi: mem81: type=5, attr=0x800000000000000f, range=[0x00000000aa8bb000-0x00000000aa8de000) (0MB)
[    0.000000] efi: mem82: type=6, attr=0x800000000000000f, range=[0x00000000aa8de000-0x00000000aa932000) (0MB)
[    0.000000] efi: mem83: type=5, attr=0x800000000000000f, range=[0x00000000aa932000-0x00000000aa9bf000) (0MB)
[    0.000000] efi: mem84: type=6, attr=0x800000000000000f, range=[0x00000000aa9bf000-0x00000000aaabf000) (1MB)
[    0.000000] efi: mem85: type=0, attr=0xf, range=[0x00000000aaabf000-0x00000000aaebf000) (4MB)
[    0.000000] efi: mem86: type=10, attr=0xf, range=[0x00000000aaebf000-0x00000000aafbf000) (1MB)
[    0.000000] efi: mem87: type=9, attr=0xf, range=[0x00000000aafbf000-0x00000000aafff000) (0MB)
[    0.000000] efi: mem88: type=4, attr=0xf, range=[0x00000000aafff000-0x00000000ab000000) (0MB)
[    0.000000] efi: mem89: type=7, attr=0xf, range=[0x0000000100000000-0x00000001cf600000) (3318MB)
[    0.000000] efi: mem90: type=0, attr=0x0, range=[0x00000000000a0000-0x00000000000c0000) (0MB)
[    0.000000] efi: mem91: type=0, attr=0x0, range=[0x00000000ab000000-0x00000000afa00000) (74MB)
[    0.000000] efi: mem92: type=11, attr=0x8000000000000001, range=[0x00000000f0000000-0x00000000f4000000) (64MB)
[    0.000000] efi: mem93: type=11, attr=0x8000000000000001, range=[0x00000000feb00000-0x00000000feb04000) (0MB)
[    0.000000] efi: mem94: type=11, attr=0x8000000000000001, range=[0x00000000fec00000-0x00000000fec01000) (0MB)
[    0.000000] efi: mem95: type=11, attr=0x8000000000000001, range=[0x00000000fed10000-0x00000000fed1a000) (0MB)
[    0.000000] efi: mem96: type=11, attr=0x8000000000000001, range=[0x00000000fed1c000-0x00000000fed20000) (0MB)
[    0.000000] efi: mem97: type=11, attr=0x8000000000000001, range=[0x00000000fee00000-0x00000000fee01000) (0MB)
[    0.000000] efi: mem98: type=11, attr=0x8000000000000000, range=[0x00000000ffd80000-0x0000000100000000) (2MB)
[    0.000000] SMBIOS 2.7 present.
[    0.000000] DMI: Hewlett-Packard HP Pavilion Sleekbook 14 PC/18FA, BIOS F.05 10/04/2012
[    0.000000] e820: update [mem 0x00000000-0x00000fff] usable ==> reserved
[    0.000000] e820: remove [mem 0x000a0000-0x000fffff] usable
[    0.000000] No AGP bridge found
[    0.000000] e820: last_pfn = 0x1cf600 max_arch_pfn = 0x400000000
[    0.000000] MTRR default type: uncachable
[    0.000000] MTRR fixed ranges enabled:
[    0.000000]   00000-9FFFF write-back
[    0.000000]   A0000-BFFFF uncachable
[    0.000000]   C0000-E7FFF write-protect
[    0.000000]   E8000-EFFFF write-combining
[    0.000000]   F0000-FFFFF write-protect
[    0.000000] MTRR variable ranges enabled:
[    0.000000]   0 base 000000000 mask F80000000 write-back
[    0.000000]   1 base 080000000 mask FE0000000 write-back
[    0.000000]   2 base 0A0000000 mask FF8000000 write-back
[    0.000000]   3 base 0A8000000 mask FFE000000 write-back
[    0.000000]   4 base 0AA000000 mask FFF000000 write-back
[    0.000000]   5 base 0FFC00000 mask FFFC00000 write-protect
[    0.000000]   6 base 100000000 mask F00000000 write-back
[    0.000000]   7 base 1CF600000 mask FFFE00000 uncachable
[    0.000000]   8 base 1CF800000 mask FFF800000 uncachable
[    0.000000]   9 base 1D0000000 mask FF0000000 uncachable
[    0.000000] x86 PAT enabled: cpu 0, old 0x7040600070406, new 0x7010600070106
[    0.000000] e820: last_pfn = 0xab000 max_arch_pfn = 0x400000000
[    0.000000] found SMP MP-table at [mem 0x000fe1b0-0x000fe1bf] mapped at [ffff8800000fe1b0]
[    0.000000] Scanning 1 areas for low memory corruption
[    0.000000] Base memory trampoline at [ffff880000020000] 20000 size 24576
[    0.000000] init_memory_mapping: [mem 0x00000000-0x000fffff]
[    0.000000]  [mem 0x00000000-0x000fffff] page 4k
[    0.000000] BRK [0x02fe1000, 0x02fe1fff] PGTABLE
[    0.000000] BRK [0x02fe2000, 0x02fe2fff] PGTABLE
[    0.000000] BRK [0x02fe3000, 0x02fe3fff] PGTABLE
[    0.000000] init_memory_mapping: [mem 0x1cf400000-0x1cf5fffff]
[    0.000000]  [mem 0x1cf400000-0x1cf5fffff] page 2M
[    0.000000] BRK [0x02fe4000, 0x02fe4fff] PGTABLE
[    0.000000] init_memory_mapping: [mem 0x1cc000000-0x1cf3fffff]
[    0.000000]  [mem 0x1cc000000-0x1cf3fffff] page 2M
[    0.000000] init_memory_mapping: [mem 0x180000000-0x1cbffffff]
[    0.000000]  [mem 0x180000000-0x1cbffffff] page 2M
[    0.000000] BRK [0x02fe5000, 0x02fe5fff] PGTABLE
[    0.000000] init_memory_mapping: [mem 0x00100000-0x1fffffff]
[    0.000000]  [mem 0x00100000-0x001fffff] page 4k
[    0.000000]  [mem 0x00200000-0x1fffffff] page 2M
[    0.000000] init_memory_mapping: [mem 0x20200000-0x40003fff]
[    0.000000]  [mem 0x20200000-0x3fffffff] page 2M
[    0.000000]  [mem 0x40000000-0x40003fff] page 4k
[    0.000000] BRK [0x02fe6000, 0x02fe6fff] PGTABLE
[    0.000000] init_memory_mapping: [mem 0x40005000-0xaa7befff]
[    0.000000]  [mem 0x40005000-0x401fffff] page 4k
[    0.000000]  [mem 0x40200000-0xaa5fffff] page 2M
[    0.000000]  [mem 0xaa600000-0xaa7befff] page 4k
[    0.000000] init_memory_mapping: [mem 0xaafff000-0xaaffffff]
[    0.000000]  [mem 0xaafff000-0xaaffffff] page 4k
[    0.000000] init_memory_mapping: [mem 0x100000000-0x17fffffff]
[    0.000000]  [mem 0x100000000-0x17fffffff] page 2M
[    0.000000] RAMDISK: [mem 0x35b4e000-0x36d9efff]
[    0.000000] ACPI: RSDP 00000000aaffe014 000024 (v02 HPQOEM)
[    0.000000] ACPI: XSDT 00000000aaffe210 0000AC (v01 HPQOEM SLIC-MPC 00000001 HP   01000013)
[    0.000000] ACPI: FACP 00000000aaffb000 00010C (v05 HPQOEM SLIC-MPC 00000001 HP   00040000)
[    0.000000] ACPI: DSDT 00000000aafe9000 00E801 (v01 HPQOEM INSYDE   00000000 INTL 00040000)
[    0.000000] ACPI: FACS 00000000aafba000 000040
[    0.000000] ACPI: UEFI 00000000aaffd000 000236 (v01 HPQOEM 18FA     00000001 HP   00040000)
[    0.000000] ACPI: ASF! 00000000aaffc000 0000A5 (v32 HPQOEM 18FA     00000001 HP   00040000)
[    0.000000] ACPI: HPET 00000000aaffa000 000038 (v01 HPQOEM 18FA     00000001 HP   00040000)
[    0.000000] ACPI: APIC 00000000aaff9000 00008C (v03 HPQOEM 18FA     00000001 HP   00040000)
[    0.000000] ACPI: MCFG 00000000aaff8000 00003C (v01 HPQOEM 18FA     00000001 HP   00040000)
[    0.000000] ACPI: WDAT 00000000aafe8000 000224 (v01 HPQOEM 18FA     00000001 HP   00040000)
[    0.000000] ACPI: SSDT 00000000aafe7000 000E21 (v01 HPQOEM INSYDE   00001000 INTL 00040000)
[    0.000000] ACPI: BOOT 00000000aafe5000 000028 (v01 HPQOEM 18FA     00000001 HP   00040000)
[    0.000000] ACPI: ASPT 00000000aafe3000 000034 (v07 HPQOEM 18FA     00000001 HP   00040000)
[    0.000000] ACPI: DBGP 00000000aafe2000 000034 (v01 HPQOEM 18FA     00000001 HP   00040000)
[    0.000000] ACPI: FPDT 00000000aafe0000 000044 (v01 HPQOEM 18FA     00000001 HP   00040000)
[    0.000000] ACPI: MSDM 00000000aafdf000 000055 (v03 HPQOEM SLIC-MPC 00000001 HP   00040000)
[    0.000000] ACPI: SSDT 00000000aafde000 0008A2 (v01 HPQOEM INSYDE   00003000 INTL 00040000)
[    0.000000] ACPI: SSDT 00000000aafdd000 000A92 (v01 HPQOEM INSYDE   00003000 INTL 00040000)
[    0.000000] ACPI: DMAR 00000000aafdc000 0000B8 (v01 HPQOEM 18FA     00000001 HP   00040000)
[    0.000000] ACPI: BGRT 00000000aafdb000 000038 (v01 HPQOEM 18FA     00000001 HP   00040000)
[    0.000000] ACPI: Local APIC address 0xfee00000
[    0.000000] No NUMA configuration found
[    0.000000] Faking a node at [mem 0x0000000000000000-0x00000001cf5fffff]
[    0.000000] Initmem setup node 0 [mem 0x00000000-0x1cf5fffff]
[    0.000000]   NODE_DATA [mem 0x1cf5f5000-0x1cf5f9fff]
[    0.000000]  [ffffea0000000000-ffffea00073fffff] PMD -> [ffff8801c8c00000-ffff8801cebfffff] on node 0
[    0.000000] Zone ranges:
[    0.000000]   DMA      [mem 0x00001000-0x00ffffff]
[    0.000000]   DMA32    [mem 0x01000000-0xffffffff]
[    0.000000]   Normal   [mem 0x100000000-0x1cf5fffff]
[    0.000000] Movable zone start for each node
[    0.000000] Early memory node ranges
[    0.000000]   node   0: [mem 0x00001000-0x00087fff]
[    0.000000]   node   0: [mem 0x00100000-0x1fffffff]
[    0.000000]   node   0: [mem 0x20200000-0x40003fff]
[    0.000000]   node   0: [mem 0x40005000-0xaa7befff]
[    0.000000]   node   0: [mem 0xaafff000-0xaaffffff]
[    0.000000]   node   0: [mem 0x100000000-0x1cf5fffff]
[    0.000000] On node 0 totalpages: 1547078
[    0.000000]   DMA zone: 64 pages used for memmap
[    0.000000]   DMA zone: 115 pages reserved
[    0.000000]   DMA zone: 3975 pages, LIFO batch:0
[    0.000000]   DMA32 zone: 10839 pages used for memmap
[    0.000000]   DMA32 zone: 693695 pages, LIFO batch:31
[    0.000000]   Normal zone: 13272 pages used for memmap
[    0.000000]   Normal zone: 849408 pages, LIFO batch:31
[    0.000000] ACPI: PM-Timer IO Port: 0x408
[    0.000000] ACPI: Local APIC address 0xfee00000
[    0.000000] ACPI: LAPIC (acpi_id[0x01] lapic_id[0x00] enabled)
[    0.000000] ACPI: LAPIC (acpi_id[0x02] lapic_id[0x01] enabled)
[    0.000000] ACPI: LAPIC (acpi_id[0x03] lapic_id[0x02] enabled)
[    0.000000] ACPI: LAPIC (acpi_id[0x04] lapic_id[0x03] enabled)
[    0.000000] ACPI: LAPIC (acpi_id[0x05] lapic_id[0x00] disabled)
[    0.000000] ACPI: LAPIC (acpi_id[0x06] lapic_id[0x00] disabled)
[    0.000000] ACPI: LAPIC (acpi_id[0x07] lapic_id[0x00] disabled)
[    0.000000] ACPI: LAPIC (acpi_id[0x08] lapic_id[0x00] disabled)
[    0.000000] ACPI: IOAPIC (id[0x00] address[0xfec00000] gsi_base[0])
[    0.000000] IOAPIC[0]: apic_id 0, version 32, address 0xfec00000, GSI 0-23
[    0.000000] ACPI: INT_SRC_OVR (bus 0 bus_irq 0 global_irq 2 dfl dfl)
[    0.000000] ACPI: INT_SRC_OVR (bus 0 bus_irq 9 global_irq 9 high level)
[    0.000000] ACPI: IRQ0 used by override.
[    0.000000] ACPI: IRQ2 used by override.
[    0.000000] ACPI: IRQ9 used by override.
[    0.000000] Using ACPI (MADT) for SMP configuration information
[    0.000000] ACPI: HPET id: 0x8086a201 base: 0xfed00000
[    0.000000] smpboot: Allowing 8 CPUs, 4 hotplug CPUs
[    0.000000] nr_irqs_gsi: 40
[    0.000000] PM: Registered nosave memory: [mem 0x00088000-0x000bffff]
[    0.000000] PM: Registered nosave memory: [mem 0x000c0000-0x000fffff]
[    0.000000] PM: Registered nosave memory: [mem 0x20000000-0x201fffff]
[    0.000000] PM: Registered nosave memory: [mem 0x40004000-0x40004fff]
[    0.000000] PM: Registered nosave memory: [mem 0xaa7bf000-0xaa899fff]
[    0.000000] PM: Registered nosave memory: [mem 0xaa89a000-0xaa89afff]
[    0.000000] PM: Registered nosave memory: [mem 0xaa89b000-0xaa8a4fff]
[    0.000000] PM: Registered nosave memory: [mem 0xaa8a5000-0xaa8a6fff]
[    0.000000] PM: Registered nosave memory: [mem 0xaa8a7000-0xaa8b9fff]
[    0.000000] PM: Registered nosave memory: [mem 0xaa8ba000-0xaa8bafff]
[    0.000000] PM: Registered nosave memory: [mem 0xaa8bb000-0xaa8ddfff]
[    0.000000] PM: Registered nosave memory: [mem 0xaa8de000-0xaa931fff]
[    0.000000] PM: Registered nosave memory: [mem 0xaa932000-0xaa9befff]
[    0.000000] PM: Registered nosave memory: [mem 0xaa9bf000-0xaaebefff]
[    0.000000] PM: Registered nosave memory: [mem 0xaaebf000-0xaafbefff]
[    0.000000] PM: Registered nosave memory: [mem 0xaafbf000-0xaaffefff]
[    0.000000] PM: Registered nosave memory: [mem 0xab000000-0xaf9fffff]
[    0.000000] PM: Registered nosave memory: [mem 0xafa00000-0xefffffff]
[    0.000000] PM: Registered nosave memory: [mem 0xf0000000-0xf3ffffff]
[    0.000000] PM: Registered nosave memory: [mem 0xf4000000-0xfeafffff]
[    0.000000] PM: Registered nosave memory: [mem 0xfeb00000-0xfeb03fff]
[    0.000000] PM: Registered nosave memory: [mem 0xfeb04000-0xfebfffff]
[    0.000000] PM: Registered nosave memory: [mem 0xfec00000-0xfec00fff]
[    0.000000] PM: Registered nosave memory: [mem 0xfec01000-0xfed0ffff]
[    0.000000] PM: Registered nosave memory: [mem 0xfed10000-0xfed19fff]
[    0.000000] PM: Registered nosave memory: [mem 0xfed1a000-0xfed1bfff]
[    0.000000] PM: Registered nosave memory: [mem 0xfed1c000-0xfed1ffff]
[    0.000000] PM: Registered nosave memory: [mem 0xfed20000-0xfedfffff]
[    0.000000] PM: Registered nosave memory: [mem 0xfee00000-0xfee00fff]
[    0.000000] PM: Registered nosave memory: [mem 0xfee01000-0xffd7ffff]
[    0.000000] PM: Registered nosave memory: [mem 0xffd80000-0xffffffff]
[    0.000000] e820: [mem 0xafa00000-0xefffffff] available for PCI devices
[    0.000000] Booting paravirtualized kernel on bare hardware
[    0.000000] setup_percpu: NR_CPUS:256 nr_cpumask_bits:256 nr_cpu_ids:8 nr_node_ids:1
[    0.000000] PERCPU: Embedded 28 pages/cpu @ffff8801cf200000 s82304 r8192 d24192 u262144
[    0.000000] pcpu-alloc: s82304 r8192 d24192 u262144 alloc=1*2097152
[    0.000000] pcpu-alloc: [0] 0 1 2 3 4 5 6 7 
[    0.000000] Built 1 zonelists in Zone order, mobility grouping on.  Total pages: 1522788
[    0.000000] Policy zone: Normal
[    0.000000] Kernel command line: BOOT_IMAGE=/boot/vmlinuz-3.13.0-44-generic.efi.signed root=UUID=94407fe5-14fc-4ab6-8119-7f50a950e21e ro quiet splash vt.handoff=7
[    0.000000] PID hash table entries: 4096 (order: 3, 32768 bytes)
[    0.000000] xsave: enabled xstate_bv 0x7, cntxt size 0x340
[    0.000000] Checking aperture...
[    0.000000] No AGP bridge found
[    0.000000] Calgary: detecting Calgary via BIOS EBDA area
[    0.000000] Calgary: Unable to locate Rio Grande table in EBDA - bailing!
[    0.000000] Memory: 5931680K/6188312K available (7383K kernel code, 1144K rwdata, 3408K rodata, 1336K init, 1444K bss, 256632K reserved)
[    0.000000] SLUB: HWalign=64, Order=0-3, MinObjects=0, CPUs=8, Nodes=1
[    0.000000] Hierarchical RCU implementation.
[    0.000000] 	RCU dyntick-idle grace-period acceleration is enabled.
[    0.000000] 	RCU restricting CPUs from NR_CPUS=256 to nr_cpu_ids=8.
[    0.000000] 	Offload RCU callbacks from all CPUs
[    0.000000] 	Offload RCU callbacks from CPUs: 0-7.
[    0.000000] NR_IRQS:16640 nr_irqs:744 16
[    0.000000] Console: colour dummy device 80x25
[    0.000000] console [tty0] enabled
[    0.000000] allocated 25165824 bytes of page_cgroup
[    0.000000] please try 'cgroup_disable=memory' option if you don't want memory cgroups
[    0.000000] hpet clockevent registered
[    0.000000] tsc: Fast TSC calibration using PIT
[    0.004000] tsc: Detected 1696.028 MHz processor
[    0.000003] Calibrating delay loop (skipped), value calculated using timer frequency.. 3392.05 BogoMIPS (lpj=6784112)
[    0.000006] pid_max: default: 32768 minimum: 301
[    0.016728] Security Framework initialized
[    0.016752] AppArmor: AppArmor initialized
[    0.016754] Yama: becoming mindful.
[    0.017560] Dentry cache hash table entries: 1048576 (order: 11, 8388608 bytes)
[    0.020644] Inode-cache hash table entries: 524288 (order: 10, 4194304 bytes)
[    0.022006] Mount-cache hash table entries: 16384 (order: 5, 131072 bytes)
[    0.022021] Mountpoint-cache hash table entries: 16384 (order: 5, 131072 bytes)
[    0.022288] Initializing cgroup subsys memory
[    0.022295] Initializing cgroup subsys devices
[    0.022297] Initializing cgroup subsys freezer
[    0.022299] Initializing cgroup subsys blkio
[    0.022301] Initializing cgroup subsys perf_event
[    0.022304] Initializing cgroup subsys hugetlb
[    0.022331] CPU: Physical Processor ID: 0
[    0.022333] CPU: Processor Core ID: 0
[    0.022339] ENERGY_PERF_BIAS: Set to 'normal', was 'performance'
[    0.022339] ENERGY_PERF_BIAS: View and update with x86_energy_perf_policy(8)
[    0.022898] mce: CPU supports 7 MCE banks
[    0.022913] CPU0: Thermal monitoring enabled (TM1)
[    0.022924] Last level iTLB entries: 4KB 512, 2MB 0, 4MB 0
[    0.022924] Last level dTLB entries: 4KB 512, 2MB 32, 4MB 32
[    0.022924] tlb_flushall_shift: 2
[    0.023094] Freeing SMP alternatives memory: 32K (ffffffff81e6e000 - ffffffff81e76000)
[    0.024788] ACPI: Core revision 20131115
[    0.032130] ACPI: All ACPI Tables successfully acquired
[    0.049526] ftrace: allocating 28554 entries in 112 pages
[    0.068657] dmar: Host address width 36
[    0.068661] dmar: DRHD base: 0x000000fed90000 flags: 0x0
[    0.068669] dmar: IOMMU 0: reg_base_addr fed90000 ver 1:0 cap c0000020e60262 ecap f0101a
[    0.068670] dmar: DRHD base: 0x000000fed91000 flags: 0x1
[    0.068677] dmar: IOMMU 1: reg_base_addr fed91000 ver 1:0 cap c9008020660262 ecap f0105a
[    0.068678] dmar: RMRR base: 0x000000aae8c000 end: 0x000000aaeabfff
[    0.068680] dmar: RMRR base: 0x000000ab800000 end: 0x000000af9fffff
[    0.068754] IOAPIC id 0 under DRHD base  0xfed91000 IOMMU 1
[    0.068755] HPET id 0 under DRHD base 0xfed91000
[    0.068960] Enabled IRQ remapping in x2apic mode
[    0.068962] Enabling x2apic
[    0.068963] Enabled x2apic
[    0.068989] Switched APIC routing to cluster x2apic.
[    0.069460] ..TIMER: vector=0x30 apic1=0 pin1=2 apic2=-1 pin2=-1
[    0.109162] smpboot: CPU0: Intel(R) Core(TM) i5-3317U CPU @ 1.70GHz (fam: 06, model: 3a, stepping: 09)
[    0.109172] TSC deadline timer enabled
[    0.109186] Performance Events: PEBS fmt1+, 16-deep LBR, IvyBridge events, full-width counters, Intel PMU driver.
[    0.109195] ... version:                3
[    0.109196] ... bit width:              48
[    0.109197] ... generic registers:      4
[    0.109198] ... value mask:             0000ffffffffffff
[    0.109200] ... max period:             0000ffffffffffff
[    0.109201] ... fixed-purpose events:   3
[    0.109202] ... event mask:             000000070000000f
[    0.111416] x86: Booting SMP configuration:
[    0.125242] NMI watchdog: enabled on all CPUs, permanently consumes one hw-PMU counter.
[    0.111419] .... node  #0, CPUs:      #1 #2 #3
[    0.152776] x86: Booted up 1 node, 4 CPUs
[    0.152781] smpboot: Total of 4 processors activated (13568.22 BogoMIPS)
[    0.157283] devtmpfs: initialized
[    0.160882] EVM: security.selinux
[    0.160884] EVM: security.SMACK64
[    0.160885] EVM: security.ima
[    0.160887] EVM: security.capability
[    0.160952] PM: Registering ACPI NVS region [mem 0xaaebf000-0xaafbefff] (1048576 bytes)
[    0.162072] pinctrl core: initialized pinctrl subsystem
[    0.162146] regulator-dummy: no parameters
[    0.162181] RTC time: 21:49:20, date: 01/25/15
[    0.162223] NET: Registered protocol family 16
[    0.162361] cpuidle: using governor ladder
[    0.162363] cpuidle: using governor menu
[    0.162413] ACPI FADT declares the system doesn't support PCIe ASPM, so disable it
[    0.162415] ACPI: bus type PCI registered
[    0.162417] acpiphp: ACPI Hot Plug PCI Controller Driver version: 0.5
[    0.162496] PCI: MMCONFIG for domain 0000 [bus 00-3f] at [mem 0xf0000000-0xf3ffffff] (base 0xf0000000)
[    0.162499] PCI: MMCONFIG at [mem 0xf0000000-0xf3ffffff] reserved in E820
[    0.173645] PCI: Using configuration type 1 for base access
[    0.174823] bio: create slab <bio-0> at 0
[    0.175024] ACPI: Added _OSI(Module Device)
[    0.175027] ACPI: Added _OSI(Processor Device)
[    0.175029] ACPI: Added _OSI(3.0 _SCP Extensions)
[    0.175031] ACPI: Added _OSI(Processor Aggregator Device)
[    0.178418] ACPI: Executed 1 blocks of module-level executable AML code
[    0.185147] [Firmware Bug]: ACPI: BIOS _OSI(Linux) query ignored
[    0.185660] ACPI: SSDT 00000000aae5b018 00083B (v01  PmRef  Cpu0Cst 00003001 INTL 20111123)
[    0.186108] ACPI: Dynamic OEM Table Load:
[    0.186111] ACPI: SSDT           (null) 00083B (v01  PmRef  Cpu0Cst 00003001 INTL 20111123)
[    0.189342] ACPI: SSDT 00000000aae5ca98 000303 (v01  PmRef    ApIst 00003000 INTL 20111123)
[    0.189822] ACPI: Dynamic OEM Table Load:
[    0.189825] ACPI: SSDT           (null) 000303 (v01  PmRef    ApIst 00003000 INTL 20111123)
[    0.193172] ACPI: SSDT 00000000aae15d98 000119 (v01  PmRef    ApCst 00003000 INTL 20111123)
[    0.193608] ACPI: Dynamic OEM Table Load:
[    0.193611] ACPI: SSDT           (null) 000119 (v01  PmRef    ApCst 00003000 INTL 20111123)
[    0.358042] ACPI: Interpreter enabled
[    0.358052] ACPI Exception: AE_NOT_FOUND, While evaluating Sleep State [\_S1_] (20131115/hwxface-580)
[    0.358059] ACPI Exception: AE_NOT_FOUND, While evaluating Sleep State [\_S2_] (20131115/hwxface-580)
[    0.358080] ACPI: (supports S0 S3 S4 S5)
[    0.358082] ACPI: Using IOAPIC for interrupt routing
[    0.358120] PCI: Using host bridge windows from ACPI; if necessary, use "pci=nocrs" and report a bug
[    0.358264] ACPI: No dock devices found.
[    0.365427] ACPI: PCI Root Bridge [PCI0] (domain 0000 [bus 00-3e])
[    0.365435] acpi PNP0A08:00: _OSC: OS supports [ExtendedConfig ASPM ClockPM Segments MSI]
[    0.365519] \_SB_.PCI0:_OSC invalid UUID
[    0.365521] _OSC request data:1 1f 0 
[    0.365526] acpi PNP0A08:00: _OSC failed (AE_ERROR); disabling ASPM
[    0.366318] PCI host bridge to bus 0000:00
[    0.366322] pci_bus 0000:00: root bus resource [bus 00-3e]
[    0.366324] pci_bus 0000:00: root bus resource [io  0x0000-0x0cf7]
[    0.366327] pci_bus 0000:00: root bus resource [io  0x0d00-0xffff]
[    0.366329] pci_bus 0000:00: root bus resource [mem 0x000a0000-0x000bffff]
[    0.366332] pci_bus 0000:00: root bus resource [mem 0xafa00000-0xfeafffff]
[    0.366342] pci 0000:00:00.0: [8086:0154] type 00 class 0x060000
[    0.366437] pci 0000:00:02.0: [8086:0166] type 00 class 0x030000
[    0.366452] pci 0000:00:02.0: reg 0x10: [mem 0xc2000000-0xc23fffff 64bit]
[    0.366460] pci 0000:00:02.0: reg 0x18: [mem 0xb0000000-0xbfffffff 64bit pref]
[    0.366466] pci 0000:00:02.0: reg 0x20: [io  0x4000-0x403f]
[    0.366594] pci 0000:00:14.0: [8086:1e31] type 00 class 0x0c0330
[    0.366623] pci 0000:00:14.0: reg 0x10: [mem 0xc2600000-0xc260ffff 64bit]
[    0.366708] pci 0000:00:14.0: PME# supported from D3hot D3cold
[    0.366751] pci 0000:00:14.0: System wakeup disabled by ACPI
[    0.366794] pci 0000:00:16.0: [8086:1e3a] type 00 class 0x078000
[    0.366823] pci 0000:00:16.0: reg 0x10: [mem 0xc2614000-0xc261400f 64bit]
[    0.366914] pci 0000:00:16.0: PME# supported from D0 D3hot D3cold
[    0.367008] pci 0000:00:1a.0: [8086:1e2d] type 00 class 0x0c0320
[    0.367034] pci 0000:00:1a.0: reg 0x10: [mem 0xc2619000-0xc26193ff]
[    0.367139] pci 0000:00:1a.0: PME# supported from D0 D3hot D3cold
[    0.367375] pci 0000:00:1a.0: System wakeup disabled by ACPI
[    0.367425] pci 0000:00:1b.0: [8086:1e20] type 00 class 0x040300
[    0.367448] pci 0000:00:1b.0: reg 0x10: [mem 0xc2610000-0xc2613fff 64bit]
[    0.367534] pci 0000:00:1b.0: PME# supported from D0 D3hot D3cold
[    0.367580] pci 0000:00:1b.0: System wakeup disabled by ACPI
[    0.367620] pci 0000:00:1c.0: [8086:1e10] type 01 class 0x060400
[    0.367717] pci 0000:00:1c.0: PME# supported from D0 D3hot D3cold
[    0.367762] pci 0000:00:1c.0: System wakeup disabled by ACPI
[    0.367802] pci 0000:00:1c.1: [8086:1e12] type 01 class 0x060400
[    0.367896] pci 0000:00:1c.1: PME# supported from D0 D3hot D3cold
[    0.367940] pci 0000:00:1c.1: System wakeup disabled by ACPI
[    0.367982] pci 0000:00:1c.2: [8086:1e14] type 01 class 0x060400
[    0.368076] pci 0000:00:1c.2: PME# supported from D0 D3hot D3cold
[    0.368123] pci 0000:00:1c.2: System wakeup disabled by ACPI
[    0.368175] pci 0000:00:1d.0: [8086:1e26] type 00 class 0x0c0320
[    0.368201] pci 0000:00:1d.0: reg 0x10: [mem 0xc2618000-0xc26183ff]
[    0.368307] pci 0000:00:1d.0: PME# supported from D0 D3hot D3cold
[    0.368546] pci 0000:00:1d.0: System wakeup disabled by ACPI
[    0.368589] pci 0000:00:1f.0: [8086:1e57] type 00 class 0x060100
[    0.368781] pci 0000:00:1f.2: [8086:282a] type 00 class 0x010400
[    0.368805] pci 0000:00:1f.2: reg 0x10: [io  0x4088-0x408f]
[    0.368816] pci 0000:00:1f.2: reg 0x14: [io  0x4094-0x4097]
[    0.368827] pci 0000:00:1f.2: reg 0x18: [io  0x4080-0x4087]
[    0.368838] pci 0000:00:1f.2: reg 0x1c: [io  0x4090-0x4093]
[    0.368849] pci 0000:00:1f.2: reg 0x20: [io  0x4060-0x407f]
[    0.368861] pci 0000:00:1f.2: reg 0x24: [mem 0xc2617000-0xc26177ff]
[    0.368919] pci 0000:00:1f.2: PME# supported from D3hot
[    0.368990] pci 0000:00:1f.3: [8086:1e22] type 00 class 0x0c0500
[    0.369012] pci 0000:00:1f.3: reg 0x10: [mem 0xc2615000-0xc26150ff 64bit]
[    0.369039] pci 0000:00:1f.3: reg 0x20: [io  0x4040-0x405f]
[    0.369236] pci 0000:01:00.0: [168c:0032] type 00 class 0x028000
[    0.369289] pci 0000:01:00.0: reg 0x10: [mem 0xc2500000-0xc257ffff 64bit]
[    0.369420] pci 0000:01:00.0: reg 0x30: [mem 0xffff0000-0xffffffff pref]
[    0.369550] pci 0000:01:00.0: supports D1 D2
[    0.369552] pci 0000:01:00.0: PME# supported from D0 D1 D2 D3hot D3cold
[    0.381351] pci 0000:00:1c.0: PCI bridge to [bus 01]
[    0.381359] pci 0000:00:1c.0:   bridge window [mem 0xc2500000-0xc25fffff]
[    0.381475] pci 0000:02:00.0: [10ec:8136] type 00 class 0x020000
[    0.381500] pci 0000:02:00.0: reg 0x10: [io  0x3000-0x30ff]
[    0.381539] pci 0000:02:00.0: reg 0x18: [mem 0xc2404000-0xc2404fff 64bit pref]
[    0.381565] pci 0000:02:00.0: reg 0x20: [mem 0xc2400000-0xc2403fff 64bit pref]
[    0.381669] pci 0000:02:00.0: supports D1 D2
[    0.381671] pci 0000:02:00.0: PME# supported from D0 D1 D2 D3hot D3cold
[    0.381733] pci 0000:02:00.0: System wakeup disabled by ACPI
[    0.393360] pci 0000:00:1c.1: PCI bridge to [bus 02]
[    0.393366] pci 0000:00:1c.1:   bridge window [io  0x3000-0x3fff]
[    0.393371] pci 0000:00:1c.1:   bridge window [mem 0xc2400000-0xc24fffff]
[    0.393567] pci 0000:03:00.0: [10ec:5229] type 00 class 0xff0000
[    0.393631] pci 0000:03:00.0: reg 0x10: [mem 0xc1000000-0xc1000fff]
[    0.394136] pci 0000:03:00.0: supports D1 D2
[    0.394138] pci 0000:03:00.0: PME# supported from D1 D2 D3hot
[    0.405413] pci 0000:00:1c.2: PCI bridge to [bus 03-08]
[    0.405418] pci 0000:00:1c.2:   bridge window [io  0x2000-0x2fff]
[    0.405423] pci 0000:00:1c.2:   bridge window [mem 0xc1000000-0xc1ffffff]
[    0.405431] pci 0000:00:1c.2:   bridge window [mem 0xc0000000-0xc0ffffff 64bit pref]
[    0.406019] ACPI: PCI Interrupt Link [LNKA] (IRQs 1 3 4 5 6 10 *11 12 14 15)
[    0.406087] ACPI: PCI Interrupt Link [LNKB] (IRQs 1 3 4 5 6 10 *11 12 14 15)
[    0.406151] ACPI: PCI Interrupt Link [LNKC] (IRQs 1 3 4 5 6 10 *11 12 14 15)
[    0.406219] ACPI: PCI Interrupt Link [LNKD] (IRQs 1 3 4 5 6 *10 11 12 14 15)
[    0.406283] ACPI: PCI Interrupt Link [LNKE] (IRQs 1 3 4 5 6 10 *11 12 14 15)
[    0.406346] ACPI: PCI Interrupt Link [LNKF] (IRQs 1 3 4 5 6 10 *11 12 14 15)
[    0.406409] ACPI: PCI Interrupt Link [LNKG] (IRQs 1 3 4 5 6 10 *11 12 14 15)
[    0.406472] ACPI: PCI Interrupt Link [LNKH] (IRQs 1 3 4 5 6 10 11 12 14 15) *0, disabled.
[    0.406817] ACPI: Enabled 4 GPEs in block 00 to 3F
[    0.406828] ACPI: \_SB_.PCI0: notify handler is installed
[    0.406879] Found 1 acpi root devices
[    0.406936] ACPI : EC: GPE = 0x1d, I/O: command/status = 0x66, data = 0x62
[    0.407048] vgaarb: setting as boot device: PCI:0000:00:02.0
[    0.407051] vgaarb: device added: PCI:0000:00:02.0,decodes=io+mem,owns=io+mem,locks=none
[    0.407055] vgaarb: loaded
[    0.407056] vgaarb: bridge control possible 0000:00:02.0
[    0.407251] SCSI subsystem initialized
[    0.407312] libata version 3.00 loaded.
[    0.407335] ACPI: bus type USB registered
[    0.407355] usbcore: registered new interface driver usbfs
[    0.407364] usbcore: registered new interface driver hub
[    0.407393] usbcore: registered new device driver usb
[    0.407525] PCI: Using ACPI for IRQ routing
[    0.410229] PCI: pci_cache_line_size set to 64 bytes
[    0.410351] e820: reserve RAM buffer [mem 0x00088000-0x0008ffff]
[    0.410353] e820: reserve RAM buffer [mem 0x40004000-0x43ffffff]
[    0.410355] e820: reserve RAM buffer [mem 0xaa7bf000-0xabffffff]
[    0.410358] e820: reserve RAM buffer [mem 0xab000000-0xabffffff]
[    0.410360] e820: reserve RAM buffer [mem 0x1cf600000-0x1cfffffff]
[    0.410455] NetLabel: Initializing
[    0.410457] NetLabel:  domain hash size = 128
[    0.410458] NetLabel:  protocols = UNLABELED CIPSOv4
[    0.410476] NetLabel:  unlabeled traffic allowed by default
[    0.410548] hpet0: at MMIO 0xfed00000, IRQs 2, 8, 0, 0, 0, 0, 0, 0
[    0.410555] hpet0: 8 comparators, 64-bit 14.318180 MHz counter
[    0.412592] Switched to clocksource hpet
[    0.418185] AppArmor: AppArmor Filesystem Enabled
[    0.418211] pnp: PnP ACPI init
[    0.418228] ACPI: bus type PNP registered
[    0.418517] pnp 00:00: [dma 4]
[    0.418545] pnp 00:00: Plug and Play ACPI device, IDs PNP0200 (active)
[    0.418572] pnp 00:01: Plug and Play ACPI device, IDs INT0800 (active)
[    0.418684] pnp 00:02: Plug and Play ACPI device, IDs PNP0103 (active)
[    0.418725] pnp 00:03: Plug and Play ACPI device, IDs PNP0c04 (active)
[    0.418782] system 00:04: [io  0x0680-0x069f] has been reserved
[    0.418785] system 00:04: [io  0x1000-0x100f] has been reserved
[    0.418787] system 00:04: [io  0xffff] has been reserved
[    0.418790] system 00:04: [io  0xffff] has been reserved
[    0.418793] system 00:04: [io  0x0400-0x0453] could not be reserved
[    0.418795] system 00:04: [io  0x0458-0x047f] has been reserved
[    0.418797] system 00:04: [io  0x0500-0x057f] has been reserved
[    0.418800] system 00:04: [io  0x164e-0x164f] has been reserved
[    0.418802] system 00:04: [io  0x0454-0x0457] has been reserved
[    0.418805] system 00:04: [io  0x0380-0x0387] has been reserved
[    0.418809] system 00:04: Plug and Play ACPI device, IDs PNP0c02 (active)
[    0.418840] pnp 00:05: Plug and Play ACPI device, IDs PNP0b00 (active)
[    0.418886] pnp 00:06: Plug and Play ACPI device, IDs HPQ8001 PNP0303 (active)
[    0.418935] pnp 00:07: Plug and Play ACPI device, IDs SYN1e82 SYN1e00 SYN0002 PNP0f13 (active)
[    0.418987] pnp 00:08: Plug and Play ACPI device, IDs HPQ0004 (active)
[    0.419234] system 00:09: [mem 0xfed1c000-0xfed1ffff] has been reserved
[    0.419237] system 00:09: [mem 0xfed10000-0xfed17fff] has been reserved
[    0.419240] system 00:09: [mem 0xfed18000-0xfed18fff] has been reserved
[    0.419242] system 00:09: [mem 0xfed19000-0xfed19fff] has been reserved
[    0.419245] system 00:09: [mem 0xf0000000-0xf3ffffff] has been reserved
[    0.419247] system 00:09: [mem 0xfed20000-0xfed3ffff] has been reserved
[    0.419250] system 00:09: [mem 0xfed90000-0xfed93fff] could not be reserved
[    0.419253] system 00:09: [mem 0xff000000-0xffffffff] could not be reserved
[    0.419256] system 00:09: [mem 0xfee00000-0xfeefffff] could not be reserved
[    0.419258] system 00:09: [mem 0xafa00000-0xafa00fff] has been reserved
[    0.419261] system 00:09: Plug and Play ACPI device, IDs PNP0c02 (active)
[    0.419507] system 00:0a: [mem 0x20000000-0x201fffff] has been reserved
[    0.419510] system 00:0a: [mem 0x40004000-0x40004fff] has been reserved
[    0.419513] system 00:0a: Plug and Play ACPI device, IDs PNP0c01 (active)
[    0.419533] pnp: PnP ACPI: found 11 devices
[    0.419535] ACPI: bus type PNP unregistered
[    0.426260] pci 0000:01:00.0: no compatible bridge window for [mem 0xffff0000-0xffffffff pref]
[    0.426302] pci 0000:00:1c.0: BAR 15: assigned [mem 0xafb00000-0xafbfffff pref]
[    0.426305] pci 0000:01:00.0: BAR 6: assigned [mem 0xafb00000-0xafb0ffff pref]
[    0.426308] pci 0000:00:1c.0: PCI bridge to [bus 01]
[    0.426315] pci 0000:00:1c.0:   bridge window [mem 0xc2500000-0xc25fffff]
[    0.426321] pci 0000:00:1c.0:   bridge window [mem 0xafb00000-0xafbfffff pref]
[    0.426330] pci 0000:00:1c.1: PCI bridge to [bus 02]
[    0.426334] pci 0000:00:1c.1:   bridge window [io  0x3000-0x3fff]
[    0.426341] pci 0000:00:1c.1:   bridge window [mem 0xc2400000-0xc24fffff]
[    0.426353] pci 0000:00:1c.2: PCI bridge to [bus 03-08]
[    0.426357] pci 0000:00:1c.2:   bridge window [io  0x2000-0x2fff]
[    0.426363] pci 0000:00:1c.2:   bridge window [mem 0xc1000000-0xc1ffffff]
[    0.426369] pci 0000:00:1c.2:   bridge window [mem 0xc0000000-0xc0ffffff 64bit pref]
[    0.426378] pci_bus 0000:00: resource 4 [io  0x0000-0x0cf7]
[    0.426381] pci_bus 0000:00: resource 5 [io  0x0d00-0xffff]
[    0.426383] pci_bus 0000:00: resource 6 [mem 0x000a0000-0x000bffff]
[    0.426386] pci_bus 0000:00: resource 7 [mem 0xafa00000-0xfeafffff]
[    0.426388] pci_bus 0000:01: resource 1 [mem 0xc2500000-0xc25fffff]
[    0.426391] pci_bus 0000:01: resource 2 [mem 0xafb00000-0xafbfffff pref]
[    0.426393] pci_bus 0000:02: resource 0 [io  0x3000-0x3fff]
[    0.426396] pci_bus 0000:02: resource 1 [mem 0xc2400000-0xc24fffff]
[    0.426398] pci_bus 0000:03: resource 0 [io  0x2000-0x2fff]
[    0.426400] pci_bus 0000:03: resource 1 [mem 0xc1000000-0xc1ffffff]
[    0.426403] pci_bus 0000:03: resource 2 [mem 0xc0000000-0xc0ffffff 64bit pref]
[    0.426440] NET: Registered protocol family 2
[    0.426717] TCP established hash table entries: 65536 (order: 7, 524288 bytes)
[    0.426938] TCP bind hash table entries: 65536 (order: 8, 1048576 bytes)
[    0.427085] TCP: Hash tables configured (established 65536 bind 65536)
[    0.427105] TCP: reno registered
[    0.427123] UDP hash table entries: 4096 (order: 5, 131072 bytes)
[    0.427163] UDP-Lite hash table entries: 4096 (order: 5, 131072 bytes)
[    0.427250] NET: Registered protocol family 1
[    0.427264] pci 0000:00:02.0: Video device with shadowed ROM
[    0.812940] PCI: CLS 64 bytes, default 64
[    0.813017] Trying to unpack rootfs image as initramfs...
[    1.239070] Freeing initrd memory: 18756K (ffff880035b4e000 - ffff880036d9f000)
[    1.239125] PCI-DMA: Using software bounce buffering for IO (SWIOTLB)
[    1.239131] software IO TLB [mem 0xa17a6000-0xa57a6000] (64MB) mapped at [ffff8800a17a6000-ffff8800a57a5fff]
[    1.239176] Simple Boot Flag at 0x44 set to 0x1
[    1.239421] microcode: CPU0 sig=0x306a9, pf=0x10, revision=0x15
[    1.239430] microcode: CPU1 sig=0x306a9, pf=0x10, revision=0x15
[    1.239435] microcode: CPU2 sig=0x306a9, pf=0x10, revision=0x15
[    1.239445] microcode: CPU3 sig=0x306a9, pf=0x10, revision=0x15
[    1.239517] microcode: Microcode Update Driver: v2.00 <tigran@aivazian.fsnet.co.uk>, Peter Oruba
[    1.239520] Scanning for low memory corruption every 60 seconds
[    1.239852] Initialise system trusted keyring
[    1.239907] audit: initializing netlink socket (disabled)
[    1.239925] type=2000 audit(1422222561.200:1): initialized
[    1.278905] HugeTLB registered 2 MB page size, pre-allocated 0 pages
[    1.280186] zbud: loaded
[    1.280378] VFS: Disk quotas dquot_6.5.2
[    1.280427] Dquot-cache hash table entries: 512 (order 0, 4096 bytes)
[    1.280927] fuse init (API version 7.22)
[    1.281028] msgmni has been set to 11731
[    1.281091] Key type big_key registered
[    1.281674] Key type asymmetric registered
[    1.281677] Asymmetric key parser 'x509' registered
[    1.281710] Block layer SCSI generic (bsg) driver version 0.4 loaded (major 252)
[    1.281758] io scheduler noop registered
[    1.281761] io scheduler deadline registered (default)
[    1.281791] io scheduler cfq registered
[    1.282349] pci_hotplug: PCI Hot Plug PCI Core version: 0.5
[    1.282365] pciehp: PCI Express Hot Plug Controller Driver version: 0.4
[    1.282412] efifb: probing for efifb
[    1.283158] efifb: framebuffer at 0xb0000000, mapped to 0xffffc90004e80000, using 4160k, total 4160k
[    1.283160] efifb: mode is 1366x768x32, linelength=5504, pages=1
[    1.283161] efifb: scrolling: redraw
[    1.283163] efifb: Truecolor: size=8:8:8:8, shift=24:16:8:0
[    1.286945] Console: switching to colour frame buffer device 170x48
[    1.290500] fb0: EFI VGA frame buffer device
[    1.290514] intel_idle: MWAIT substates: 0x21120
[    1.290516] intel_idle: v0.4 model 0x3A
[    1.290518] intel_idle: lapic_timer_reliable_states 0xffffffff
[    1.290641] ipmi message handler version 39.2
[    1.290870] ACPI: Deprecated procfs I/F for AC is loaded, please retry with CONFIG_ACPI_PROCFS_POWER cleared
[    1.291088] ACPI: AC Adapter [ACAD] (on-line)
[    1.291187] input: Lid Switch as /devices/LNXSYSTM:00/device:00/PNP0C0D:00/input/input0
[    1.291858] ACPI: Lid Switch [LID0]
[    1.291902] input: Power Button as /devices/LNXSYSTM:00/device:00/PNP0C0C:00/input/input1
[    1.291907] ACPI: Power Button [PWRB]
[    1.291956] input: Power Button as /devices/LNXSYSTM:00/LNXPWRBN:00/input/input2
[    1.291959] ACPI: Power Button [PWRF]
[    1.293447] [Firmware Bug]: Invalid critical threshold (0)
[    1.295618] thermal LNXTHERM:00: registered as thermal_zone0
[    1.295621] ACPI: Thermal Zone [TZ01] (41 C)
[    1.295652] GHES: HEST is not enabled!
[    1.295790] Serial: 8250/16550 driver, 32 ports, IRQ sharing enabled
[    1.298012] Linux agpgart interface v0.103
[    1.299464] brd: module loaded
[    1.300219] loop: module loaded
[    1.300605] libphy: Fixed MDIO Bus: probed
[    1.300698] tun: Universal TUN/TAP device driver, 1.6
[    1.300699] tun: (C) 1999-2004 Max Krasnyansky <maxk@qualcomm.com>
[    1.300752] PPP generic driver version 2.4.2
[    1.300798] ehci_hcd: USB 2.0 'Enhanced' Host Controller (EHCI) Driver
[    1.300803] ehci-pci: EHCI PCI platform driver
[    1.300942] ehci-pci 0000:00:1a.0: EHCI Host Controller
[    1.300950] ehci-pci 0000:00:1a.0: new USB bus registered, assigned bus number 1
[    1.300967] ehci-pci 0000:00:1a.0: debug port 2
[    1.304868] ehci-pci 0000:00:1a.0: cache line size of 64 is not supported
[    1.304903] ehci-pci 0000:00:1a.0: irq 16, io mem 0xc2619000
[    1.313022] ehci-pci 0000:00:1a.0: USB 2.0 started, EHCI 1.00
[    1.313076] usb usb1: New USB device found, idVendor=1d6b, idProduct=0002
[    1.313078] usb usb1: New USB device strings: Mfr=3, Product=2, SerialNumber=1
[    1.313081] usb usb1: Product: EHCI Host Controller
[    1.313083] usb usb1: Manufacturer: Linux 3.13.0-44-generic ehci_hcd
[    1.313085] usb usb1: SerialNumber: 0000:00:1a.0
[    1.313293] hub 1-0:1.0: USB hub found
[    1.313303] hub 1-0:1.0: 2 ports detected
[    1.313534] ehci-pci 0000:00:1d.0: EHCI Host Controller
[    1.313540] ehci-pci 0000:00:1d.0: new USB bus registered, assigned bus number 2
[    1.313557] ehci-pci 0000:00:1d.0: debug port 2
[    1.317477] ehci-pci 0000:00:1d.0: cache line size of 64 is not supported
[    1.317508] ehci-pci 0000:00:1d.0: irq 20, io mem 0xc2618000
[    1.329104] ehci-pci 0000:00:1d.0: USB 2.0 started, EHCI 1.00
[    1.329198] usb usb2: New USB device found, idVendor=1d6b, idProduct=0002
[    1.329202] usb usb2: New USB device strings: Mfr=3, Product=2, SerialNumber=1
[    1.329204] usb usb2: Product: EHCI Host Controller
[    1.329207] usb usb2: Manufacturer: Linux 3.13.0-44-generic ehci_hcd
[    1.329209] usb usb2: SerialNumber: 0000:00:1d.0
[    1.329486] hub 2-0:1.0: USB hub found
[    1.329500] hub 2-0:1.0: 2 ports detected
[    1.329657] ehci-platform: EHCI generic platform driver
[    1.329671] ohci_hcd: USB 1.1 'Open' Host Controller (OHCI) Driver
[    1.329673] ohci-pci: OHCI PCI platform driver
[    1.329687] ohci-platform: OHCI generic platform driver
[    1.329696] uhci_hcd: USB Universal Host Controller Interface driver
[    1.329893] xhci_hcd 0000:00:14.0: xHCI Host Controller
[    1.329903] xhci_hcd 0000:00:14.0: new USB bus registered, assigned bus number 3
[    1.330018] xhci_hcd 0000:00:14.0: cache line size of 64 is not supported
[    1.330057] xhci_hcd 0000:00:14.0: irq 42 for MSI/MSI-X
[    1.330170] usb usb3: New USB device found, idVendor=1d6b, idProduct=0002
[    1.330172] usb usb3: New USB device strings: Mfr=3, Product=2, SerialNumber=1
[    1.330175] usb usb3: Product: xHCI Host Controller
[    1.330177] usb usb3: Manufacturer: Linux 3.13.0-44-generic xhci_hcd
[    1.330179] usb usb3: SerialNumber: 0000:00:14.0
[    1.330399] hub 3-0:1.0: USB hub found
[    1.330413] hub 3-0:1.0: 4 ports detected
[    1.330841] xhci_hcd 0000:00:14.0: xHCI Host Controller
[    1.330846] xhci_hcd 0000:00:14.0: new USB bus registered, assigned bus number 4
[    1.330896] usb usb4: New USB device found, idVendor=1d6b, idProduct=0003
[    1.330898] usb usb4: New USB device strings: Mfr=3, Product=2, SerialNumber=1
[    1.330900] usb usb4: Product: xHCI Host Controller
[    1.330903] usb usb4: Manufacturer: Linux 3.13.0-44-generic xhci_hcd
[    1.330905] usb usb4: SerialNumber: 0000:00:14.0
[    1.331106] hub 4-0:1.0: USB hub found
[    1.331120] hub 4-0:1.0: 4 ports detected
[    1.337241] i8042: PNP: PS/2 Controller [PNP0303:PS2K,PNP0f13:PS2M] at 0x60,0x64 irq 1,12
[    1.344971] serio: i8042 KBD port at 0x60,0x64 irq 1
[    1.344979] serio: i8042 AUX port at 0x60,0x64 irq 12
[    1.345306] mousedev: PS/2 mouse device common for all mice
[    1.345854] rtc_cmos 00:05: RTC can wake from S4
[    1.346040] rtc_cmos 00:05: rtc core: registered rtc_cmos as rtc0
[    1.346078] rtc_cmos 00:05: alarms up to one month, 242 bytes nvram, hpet irqs
[    1.346160] device-mapper: uevent: version 1.0.3
[    1.346254] device-mapper: ioctl: 4.27.0-ioctl (2013-10-30) initialised: dm-devel@redhat.com
[    1.346263] ledtrig-cpu: registered to indicate activity on CPUs
[    1.346265] EFI Variables Facility v0.08 2004-May-17
[    1.364773] ACPI: Deprecated procfs I/F for battery is loaded, please retry with CONFIG_ACPI_PROCFS_POWER cleared
[    1.364785] ACPI: Battery Slot [BAT0] (battery present)
[    1.375661] input: AT Translated Set 2 keyboard as /devices/platform/i8042/serio0/input/input3
[    1.376087] TCP: cubic registered
[    1.376189] NET: Registered protocol family 10
[    1.376379] NET: Registered protocol family 17
[    1.376391] Key type dns_resolver registered
[    1.376752] Loading compiled-in X.509 certificates
[    1.378025] Loaded X.509 cert 'Magrathea: Glacier signing key: 508c3b4bf108ed36b6062f812782f77c37b98537'
[    1.378044] registered taskstats version 1
[    1.380669] Key type trusted registered
[    1.382977] Key type encrypted registered
[    1.385155] AppArmor: AppArmor sha1 policy hashing enabled
[    1.385160] IMA: No TPM chip found, activating TPM-bypass!
[    1.385618] regulator-dummy: disabling
[    1.385687]   Magic number: 15:862:854
[    1.385786] rtc_cmos 00:05: setting system clock to 2015-01-25 21:49:21 UTC (1422222561)
[    1.386503] BIOS EDD facility v0.16 2004-Jun-25, 0 devices found
[    1.386504] EDD information not available.
[    1.386563] PM: Hibernation image not present or could not be loaded.
[    1.387321] Freeing unused kernel memory: 1336K (ffffffff81d20000 - ffffffff81e6e000)
[    1.387323] Write protecting the kernel read-only data: 12288k
[    1.389164] Freeing unused kernel memory: 796K (ffff880002739000 - ffff880002800000)
[    1.390722] Freeing unused kernel memory: 688K (ffff880002b54000 - ffff880002c00000)
[    1.401164] systemd-udevd[122]: starting version 204
[    1.422534] rtsx_pci 0000:03:00.0: irq 43 for MSI/MSI-X
[    1.422575] rtsx_pci 0000:03:00.0: rtsx_pci_acquire_irq: pcr->msi_en = 1, pci->irq = 43
[    1.424839] r8169 Gigabit Ethernet driver 2.3LK-NAPI loaded
[    1.424851] r8169 0000:02:00.0: can't disable ASPM; OS doesn't have ASPM control
[    1.425249] r8169 0000:02:00.0: irq 44 for MSI/MSI-X
[    1.425430] r8169 0000:02:00.0 eth0: RTL8105e at 0xffffc90004e5e000, 84:34:97:7f:bf:d4, XID 00c00000 IRQ 44
[    1.429991] ahci 0000:00:1f.2: version 3.0
[    1.430149] ahci 0000:00:1f.2: irq 45 for MSI/MSI-X
[    1.430206] ahci 0000:00:1f.2: AHCI 0001.0300 32 slots 6 ports 6 Gbps 0x1 impl RAID mode
[    1.430209] ahci 0000:00:1f.2: flags: 64bit ncq pm led clo pio slum part ems apst 
[    1.430696] scsi0 : ahci
[    1.430798] scsi1 : ahci
[    1.430881] scsi2 : ahci
[    1.430961] scsi3 : ahci
[    1.431026] scsi4 : ahci
[    1.431088] scsi5 : ahci
[    1.431137] ata1: SATA max UDMA/133 abar m2048@0xc2617000 port 0xc2617100 irq 45
[    1.431140] ata2: DUMMY
[    1.431141] ata3: DUMMY
[    1.431142] ata4: DUMMY
[    1.431144] ata5: DUMMY
[    1.431145] ata6: DUMMY
[    1.625304] usb 1-1: new high-speed USB device number 2 using ehci-pci
[    1.749324] ata1: SATA link up 3.0 Gbps (SStatus 123 SControl 300)
[    1.750578] ata1.00: ATA-8: HGST HTS545050A7E380, GG2OAC90, max UDMA/133
[    1.750592] ata1.00: 976773168 sectors, multi 16: LBA48 NCQ (depth 31/32), AA
[    1.751988] ata1.00: configured for UDMA/133
[    1.752235] scsi 0:0:0:0: Direct-Access     ATA      HGST HTS545050A7 GG2O PQ: 0 ANSI: 5
[    1.752457] sd 0:0:0:0: [sda] 976773168 512-byte logical blocks: (500 GB/465 GiB)
[    1.752461] sd 0:0:0:0: [sda] 4096-byte physical blocks
[    1.752477] sd 0:0:0:0: Attached scsi generic sg0 type 0
[    1.752528] sd 0:0:0:0: [sda] Write Protect is off
[    1.752532] sd 0:0:0:0: [sda] Mode Sense: 00 3a 00 00
[    1.752565] sd 0:0:0:0: [sda] Write cache: enabled, read cache: enabled, doesn't support DPO or FUA
[    1.757615] usb 1-1: New USB device found, idVendor=8087, idProduct=0024
[    1.757617] usb 1-1: New USB device strings: Mfr=0, Product=0, SerialNumber=0
[    1.757956] hub 1-1:1.0: USB hub found
[    1.758060] hub 1-1:1.0: 6 ports detected
[    1.804887]  sda: sda1 sda2 sda3 sda4 sda5 sda6 sda7 sda8 sda9
[    1.805752] sd 0:0:0:0: [sda] Attached SCSI disk
[    1.869316] usb 2-1: new high-speed USB device number 2 using ehci-pci
[    2.001792] usb 2-1: New USB device found, idVendor=8087, idProduct=0024
[    2.001811] usb 2-1: New USB device strings: Mfr=0, Product=0, SerialNumber=0
[    2.002071] hub 2-1:1.0: USB hub found
[    2.002143] hub 2-1:1.0: 8 ports detected
[    2.169439] usb 3-2: new high-speed USB device number 2 using xhci_hcd
[    2.186802] usb 3-2: New USB device found, idVendor=12d1, idProduct=14db
[    2.186805] usb 3-2: New USB device strings: Mfr=4, Product=3, SerialNumber=0
[    2.186806] usb 3-2: Product: HUAWEI Mobile
[    2.186808] usb 3-2: Manufacturer: Huawei Technologies
[    2.236957] psmouse serio1: synaptics: Touchpad model: 1, fw: 7.5, id: 0x1e0b1, caps: 0xf00173/0x240000/0xa2400, board id: 2067, fw id: 1032759
[    2.237492] tsc: Refined TSC clocksource calibration: 1696.147 MHz
[    2.275087] input: SynPS/2 Synaptics TouchPad as /devices/platform/i8042/serio1/input/input5
[    2.353522] usb 3-3: new high-speed USB device number 3 using xhci_hcd
[    2.464282] usb 3-3: New USB device found, idVendor=04f2, idProduct=b35f
[    2.464286] usb 3-3: New USB device strings: Mfr=3, Product=1, SerialNumber=2
[    2.464288] usb 3-3: Product: HP Truevision HD
[    2.464290] usb 3-3: Manufacturer: Chicony Electronics Co.,Ltd.
[    2.464291] usb 3-3: SerialNumber: 0x0001
[    2.890248] random: nonblocking pool is initialized
[    3.228550] EXT4-fs (sda6): mounted filesystem with ordered data mode. Opts: (null)
[    3.237984] Switched to clocksource tsc
[    4.298561] init: plymouth-upstart-bridge main process (192) terminated with status 1
[    4.298574] init: plymouth-upstart-bridge main process ended, respawning
[    4.300304] init: plymouth-upstart-bridge main process (205) terminated with status 1
[    4.300318] init: plymouth-upstart-bridge main process ended, respawning
[    4.301637] init: plymouth-upstart-bridge main process (207) terminated with status 1
[    4.301649] init: plymouth-upstart-bridge main process ended, respawning
[    4.303104] init: plymouth-upstart-bridge main process (208) terminated with status 1
[    4.303116] init: plymouth-upstart-bridge main process ended, respawning
[    4.304763] init: plymouth-upstart-bridge main process (210) terminated with status 1
[    4.304776] init: plymouth-upstart-bridge main process ended, respawning
[    4.306483] init: plymouth-upstart-bridge main process (211) terminated with status 1
[    4.306497] init: plymouth-upstart-bridge main process ended, respawning
[    4.308178] init: plymouth-upstart-bridge main process (213) terminated with status 1
[    4.308187] init: plymouth-upstart-bridge main process ended, respawning
[    4.309877] init: plymouth-upstart-bridge main process (214) terminated with status 1
[    4.309891] init: plymouth-upstart-bridge main process ended, respawning
[    4.311591] init: plymouth-upstart-bridge main process (216) terminated with status 1
[    4.311600] init: plymouth-upstart-bridge main process ended, respawning
[    4.313261] init: plymouth-upstart-bridge main process (217) terminated with status 1
[    4.313274] init: plymouth-upstart-bridge main process ended, respawning
[    4.314953] init: plymouth-upstart-bridge main process (219) terminated with status 1
[    4.314963] init: plymouth-upstart-bridge respawning too fast, stopped
[   11.691168] Adding 6190076k swap on /dev/sda9.  Priority:-1 extents:1 across:6190076k FS
[   11.788103] IPv6: ADDRCONF(NETDEV_UP): eth0: link is not ready
[   11.899301] systemd-udevd[322]: starting version 204
[   12.008722] Initializing HPQ6001 module
[   12.008799] input: HP Wireless hotkeys as /devices/virtual/input/input6
[   12.012925] hp_accel: laptop model unknown, using default axes configuration
[   12.022890] lp: driver loaded but no devices found
[   12.024511] lis3lv02d: 8 bits 3DC sensor found
[   12.027441] wmi: Mapper loaded
[   12.034337] ppdev: user-space parallel port driver
[   12.037464] ACPI Warning: 0x0000000000000428-0x000000000000042f SystemIO conflicts with Region \PMIO 1 (20131115/utaddress-251)
[   12.037473] ACPI: If an ACPI driver is available for this device, you should use it instead of the native driver
[   12.037477] ACPI Warning: 0x0000000000000530-0x000000000000053f SystemIO conflicts with Region \GPIO 1 (20131115/utaddress-251)
[   12.037482] ACPI Warning: 0x0000000000000530-0x000000000000053f SystemIO conflicts with Region \_SB_.PCI0.LPCB.GPIO 2 (20131115/utaddress-251)
[   12.037486] ACPI: If an ACPI driver is available for this device, you should use it instead of the native driver
[   12.037488] ACPI Warning: 0x0000000000000500-0x000000000000052f SystemIO conflicts with Region \GPIO 1 (20131115/utaddress-251)
[   12.037492] ACPI Warning: 0x0000000000000500-0x000000000000052f SystemIO conflicts with Region \_SB_.PCI0.LPCB.GPIO 2 (20131115/utaddress-251)
[   12.037496] ACPI: If an ACPI driver is available for this device, you should use it instead of the native driver
[   12.037498] lpc_ich: Resource conflict(s) found affecting gpio_ich
[   12.039866] [drm] Initialized drm 1.1.0 20060810
[   12.058093] cfg80211: Calling CRDA to update world regulatory domain
[   12.058593] mei_me 0000:00:16.0: irq 46 for MSI/MSI-X
[   12.070155] input: ST LIS3LV02DL Accelerometer as /devices/platform/lis3lv02d/input/input7
[   12.086694] [drm] Memory usable by graphics device = 2048M
[   12.086699] checking generic (b0000000 410000) vs hw (b0000000 10000000)
[   12.086701] fb: conflicting fb hw usage inteldrmfb vs EFI VGA - removing generic driver
[   12.086720] Console: switching to colour dummy device 80x25
[   12.108340] ath: phy0: Enable LNA combining
[   12.109611] ath: phy0: ASPM enabled: 0x43
[   12.109614] ath: EEPROM regdomain: 0x60
[   12.109615] ath: EEPROM indicates we should expect a direct regpair map
[   12.109618] ath: Country alpha2 being used: 00
[   12.109619] ath: Regpair used: 0x60
[   12.146169] ieee80211 phy0: Selected rate control algorithm 'minstrel_ht'
[   12.146691] ieee80211 phy0: Atheros AR9485 Rev:1 mem=0xffffc90004f00000, irq=16
[   12.147322] kvm: disabled by bios
[   12.162083] i915 0000:00:02.0: irq 47 for MSI/MSI-X
[   12.162098] [drm] Supports vblank timestamp caching Rev 2 (21.10.2013).
[   12.162100] [drm] Driver supports precise vblank timestamp query.
[   12.162238] vgaarb: device changed decodes: PCI:0000:00:02.0,olddecodes=io+mem,decodes=io+mem:owns=io+mem
[   12.168596] type=1400 audit(1422202772.274:2): apparmor="STATUS" operation="profile_load" profile="unconfined" name="/sbin/dhclient" pid=413 comm="apparmor_parser"
[   12.168602] type=1400 audit(1422202772.274:3): apparmor="STATUS" operation="profile_load" profile="unconfined" name="/usr/lib/NetworkManager/nm-dhcp-client.action" pid=413 comm="apparmor_parser"
[   12.168606] type=1400 audit(1422202772.274:4): apparmor="STATUS" operation="profile_load" profile="unconfined" name="/usr/lib/connman/scripts/dhclient-script" pid=413 comm="apparmor_parser"
[   12.169043] type=1400 audit(1422202772.274:5): apparmor="STATUS" operation="profile_replace" profile="unconfined" name="/usr/lib/NetworkManager/nm-dhcp-client.action" pid=413 comm="apparmor_parser"
[   12.169049] type=1400 audit(1422202772.274:6): apparmor="STATUS" operation="profile_replace" profile="unconfined" name="/usr/lib/connman/scripts/dhclient-script" pid=413 comm="apparmor_parser"
[   12.169252] type=1400 audit(1422202772.274:7): apparmor="STATUS" operation="profile_replace" profile="unconfined" name="/usr/lib/connman/scripts/dhclient-script" pid=413 comm="apparmor_parser"
[   12.181310] type=1400 audit(1422202772.286:8): apparmor="STATUS" operation="profile_replace" profile="unconfined" name="/sbin/dhclient" pid=424 comm="apparmor_parser"
[   12.181318] type=1400 audit(1422202772.286:9): apparmor="STATUS" operation="profile_replace" profile="unconfined" name="/usr/lib/NetworkManager/nm-dhcp-client.action" pid=424 comm="apparmor_parser"
[   12.181323] type=1400 audit(1422202772.286:10): apparmor="STATUS" operation="profile_replace" profile="unconfined" name="/usr/lib/connman/scripts/dhclient-script" pid=424 comm="apparmor_parser"
[   12.181772] type=1400 audit(1422202772.286:11): apparmor="STATUS" operation="profile_replace" profile="unconfined" name="/usr/lib/NetworkManager/nm-dhcp-client.action" pid=424 comm="apparmor_parser"
[   12.204563] input: HP WMI hotkeys as /devices/virtual/input/input8
[   12.270081] [drm] GMBUS [i915 gmbus vga] timed out, falling back to bit banging on pin 2
[   12.287385] fbcon: inteldrmfb (fb0) is primary device
[   12.352137] cfg80211: World regulatory domain updated:
[   12.352138] cfg80211:   (start_freq - end_freq @ bandwidth), (max_antenna_gain, max_eirp)
[   12.352140] cfg80211:   (2402000 KHz - 2472000 KHz @ 40000 KHz), (300 mBi, 2000 mBm)
[   12.352140] cfg80211:   (2457000 KHz - 2482000 KHz @ 40000 KHz), (300 mBi, 2000 mBm)
[   12.352141] cfg80211:   (2474000 KHz - 2494000 KHz @ 20000 KHz), (300 mBi, 2000 mBm)
[   12.352142] cfg80211:   (5170000 KHz - 5250000 KHz @ 40000 KHz), (300 mBi, 2000 mBm)
[   12.352142] cfg80211:   (5735000 KHz - 5835000 KHz @ 40000 KHz), (300 mBi, 2000 mBm)
[   12.432356] Linux video capture interface: v2.00
[   12.438340] uvcvideo: Found UVC 1.00 device HP Truevision HD (04f2:b35f)
[   12.443654] input: HP Truevision HD as /devices/pci0000:00/0000:00:14.0/usb3/3-3/3-3:1.0/input/input9
[   12.443735] usbcore: registered new interface driver uvcvideo
[   12.443735] USB Video Class driver (1.1.1)
[   12.573949] usbcore: registered new interface driver cdc_ether
[   12.698690] rndis_host 3-2:1.0 eth1: register 'rndis_host' at usb-0000:00:14.0-2, RNDIS device, 00:1e:10:1f:00:00
[   12.698729] usbcore: registered new interface driver rndis_host
[   13.086660] Console: switching to colour frame buffer device 170x48
[   13.089337] i915 0000:00:02.0: fb0: inteldrmfb frame buffer device
[   13.089339] i915 0000:00:02.0: registered panic notifier
[   13.091018] ACPI: Video Device [GFX0] (multi-head: yes  rom: no  post: no)
[   13.095206] acpi device:06: registered as cooling_device5
[   13.095273] input: Video Bus as /devices/LNXSYSTM:00/device:00/PNP0A08:00/LNXVIDEO:00/input/input10
[   13.095367] [drm] Initialized i915 1.6.0 20080730 for 0000:00:02.0 on minor 0
[   13.095538] snd_hda_intel 0000:00:1b.0: irq 48 for MSI/MSI-X
[   13.115179] mute LED gpio 16 polarity 0
[   13.115346] autoconfig: line_outs=1 (0xd/0x0/0x0/0x0/0x0) type:speaker
[   13.115347]    speaker_outs=0 (0x0/0x0/0x0/0x0/0x0)
[   13.115349]    hp_outs=1 (0xb/0x0/0x0/0x0/0x0)
[   13.115349]    mono: mono_out=0x0
[   13.115350]    inputs:
[   13.115352]      Internal Mic=0x11
[   13.115353]      Mic=0xa
[   13.135181] input: HDA Intel PCH HDMI/DP,pcm=3 as /devices/pci0000:00/0000:00:1b.0/sound/card0/input13
[   13.135270] input: HDA Intel PCH Headphone as /devices/pci0000:00/0000:00:1b.0/sound/card0/input12
[   13.135345] input: HDA Intel PCH Mic as /devices/pci0000:00/0000:00:1b.0/sound/card0/input11
[   13.859156] [drm] Enabling RC6 states: RC6 on, RC6p on, RC6pp off
[   15.450684] EXT4-fs (sda6): re-mounted. Opts: errors=remount-ro
[   16.140283] init: failsafe main process (688) killed by TERM signal
[   16.391757] Bluetooth: Core ver 2.17
[   16.391777] NET: Registered protocol family 31
[   16.391779] Bluetooth: HCI device and connection manager initialized
[   16.391788] Bluetooth: HCI socket layer initialized
[   16.391791] Bluetooth: L2CAP socket layer initialized
[   16.391796] Bluetooth: SCO socket layer initialized
[   16.395657] Bluetooth: BNEP (Ethernet Emulation) ver 1.3
[   16.395660] Bluetooth: BNEP filters: protocol multicast
[   16.395668] Bluetooth: BNEP socket layer initialized
[   16.397422] Bluetooth: RFCOMM TTY layer initialized
[   16.397432] Bluetooth: RFCOMM socket layer initialized
[   16.397437] Bluetooth: RFCOMM ver 1.11
[   16.797375] init: cups main process (833) killed by HUP signal
[   16.797384] init: cups main process ended, respawning
[   17.460145] IPv6: ADDRCONF(NETDEV_UP): wlan0: link is not ready
[   17.463439] IPv6: ADDRCONF(NETDEV_UP): wlan0: link is not ready
[   17.719583] r8169 0000:02:00.0 eth0: link down
[   17.719626] IPv6: ADDRCONF(NETDEV_UP): eth0: link is not ready
[   17.720111] IPv6: ADDRCONF(NETDEV_UP): eth0: link is not ready
[   42.125071] wlan0: authenticate with c4:05:28:68:e2:48
[   42.148968] wlan0: send auth to c4:05:28:68:e2:48 (try 1/3)
[   42.151716] wlan0: authenticated
[   42.155871] wlan0: associate with c4:05:28:68:e2:48 (try 1/3)
[   42.165298] wlan0: RX AssocResp from c4:05:28:68:e2:48 (capab=0x411 status=0 aid=1)
[   42.165350] wlan0: associated
[   42.165359] IPv6: ADDRCONF(NETDEV_CHANGE): wlan0: link becomes ready
[   46.511940] audit_printk_skb: 168 callbacks suppressed
[   46.511943] type=1400 audit(1422202806.602:68): apparmor="STATUS" operation="profile_replace" profile="unconfined" name="/usr/lib/cups/backend/cups-pdf" pid=2259 comm="apparmor_parser"
[   46.511948] type=1400 audit(1422202806.602:69): apparmor="STATUS" operation="profile_replace" profile="unconfined" name="/usr/sbin/cupsd" pid=2259 comm="apparmor_parser"
[   46.512305] type=1400 audit(1422202806.602:70): apparmor="STATUS" operation="profile_replace" profile="unconfined" name="/usr/sbin/cupsd" pid=2259 comm="apparmor_parser"
[   63.211191] systemd-hostnamed[2313]: Warning: nss-myhostname is not installed. Changing the local hostname might make it unresolveable. Please install nss-myhostname!
[  728.900245] type=1400 audit(1422203488.674:71): apparmor="STATUS" operation="profile_replace" profile="unconfined" name="/usr/lib/cups/backend/cups-pdf" pid=3187 comm="apparmor_parser"
[  728.900256] type=1400 audit(1422203488.674:72): apparmor="STATUS" operation="profile_replace" profile="unconfined" name="/usr/sbin/cupsd" pid=3187 comm="apparmor_parser"
[  728.901129] type=1400 audit(1422203488.678:73): apparmor="STATUS" operation="profile_replace" profile="unconfined" name="/usr/sbin/cupsd" pid=3187 comm="apparmor_parser"
[  907.816342] systemd-hostnamed[3705]: Warning: nss-myhostname is not installed. Changing the local hostname might make it unresolveable. Please install nss-myhostname!
Bus 002 Device 002: ID 8087:0024 Intel Corp. Integrated Rate Matching Hub
Bus 002 Device 001: ID 1d6b:0002 Linux Foundation 2.0 root hub
Bus 001 Device 002: ID 8087:0024 Intel Corp. Integrated Rate Matching Hub
Bus 001 Device 001: ID 1d6b:0002 Linux Foundation 2.0 root hub
Bus 004 Device 001: ID 1d6b:0003 Linux Foundation 3.0 root hub
Bus 003 Device 003: ID 04f2:b35f Chicony Electronics Co., Ltd 
Bus 003 Device 002: ID 12d1:14db Huawei Technologies Co., Ltd. 
Bus 003 Device 001: ID 1d6b:0002 Linux Foundation 2.0 root hub
admin-hp pts/9        :0               Sun Jan 25 22:03   still logged in   
admin-hp pts/0        :0               Sun Jan 25 21:51 - 21:52  (00:00)    
admin-hp :0           :0               Sun Jan 25 21:49   still logged in   
reboot   system boot  3.13.0-44-generi Sun Jan 25 21:49 - 22:08  (00:18)    
admin-hp pts/0        :0               Fri Jan 23 16:38 - 17:27  (00:48)    
admin-hp pts/13       :0               Fri Jan 23 15:03 - 17:27  (02:23)    
admin-hp :0           :0               Fri Jan 23 15:03 - down   (02:25)    
reboot   system boot  3.13.0-44-generi Fri Jan 23 15:03 - 17:28  (02:25)    
admin-hp pts/23       :0               Fri Jan 23 14:15 - 15:02  (00:47)    
admin-hp :0           :0               Fri Jan 23 13:54 - down   (01:08)    
reboot   system boot  3.13.0-32-generi Fri Jan 23 13:54 - 15:02  (01:08)    
admin-hp pts/1        :0               Thu Jan 22 19:48 - 19:55  (00:06)    
admin-hp pts/4        :0               Thu Jan 22 19:40 - 19:40  (00:00)    
admin-hp :0           :0               Thu Jan 22 19:40 - down   (00:15)    
reboot   system boot  3.13.0-32-generi Thu Jan 22 19:40 - 19:55  (00:15)    
admin-hp :0           :0               Thu Jan 22 23:38 - down   (-5:-25)   
reboot   system boot  3.13.0-32-generi Thu Jan 22 23:38 - 18:13  (-5:-25)   
admin-hp :0           :0               Thu Jan 22 21:54 - down   (00:23)    
reboot   system boot  3.13.0-32-generi Thu Jan 22 21:53 - 22:17  (00:24)    
admin-hp :0           :0               Thu Jan 22 20:10 - down   (00:04)    
reboot   system boot  3.13.0-32-generi Thu Jan 22 20:10 - 20:14  (00:04)    
admin-hp :0           :0               Thu Jan 22 20:03 - down   (00:04)    
reboot   system boot  3.13.0-32-generi Thu Jan 22 20:02 - 20:07  (00:04)    
admin-hp :0           :0               Thu Jan 22 19:47 - down   (00:03)    
reboot   system boot  3.13.0-32-generi Thu Jan 22 19:47 - 19:50  (00:03)    

wtmp begins Thu Jan 22 19:47:05 2015

btmp begins Thu Jan 22 19:38:35 2015
[?1h=[?25l[H[2J(B[mtop - 22:08:18 up 18 min,  2 users,  load average: 0.28, 0.45, 0.34(B[m[39;49m(B[m[39;49m[K
Tasks:(B[m[39;49m[1m 212 (B[m[39;49mtotal,(B[m[39;49m[1m   1 (B[m[39;49mrunning,(B[m[39;49m[1m 207 (B[m[39;49msleeping,(B[m[39;49m[1m   4 (B[m[39;49mstopped,(B[m[39;49m[1m   0 (B[m[39;49mzombie(B[m[39;49m(B[m[39;49m[K
%Cpu(s):(B[m[39;49m[1m  3.5 (B[m[39;49mus,(B[m[39;49m[1m  1.2 (B[m[39;49msy,(B[m[39;49m[1m  2.1 (B[m[39;49mni,(B[m[39;49m[1m 89.9 (B[m[39;49mid,(B[m[39;49m[1m  3.3 (B[m[39;49mwa,(B[m[39;49m[1m  0.0 (B[m[39;49mhi,(B[m[39;49m[1m  0.0 (B[m[39;49msi,(B[m[39;49m[1m  0.0 (B[m[39;49mst(B[m[39;49m(B[m[39;49m[K
KiB Mem: (B[m[39;49m[1m  6009244 (B[m[39;49mtotal,(B[m[39;49m[1m  2210668 (B[m[39;49mused,(B[m[39;49m[1m  3798576 (B[m[39;49mfree,(B[m[39;49m[1m   125464 (B[m[39;49mbuffers(B[m[39;49m(B[m[39;49m[K
KiB Swap:(B[m[39;49m[1m  6190076 (B[m[39;49mtotal,(B[m[39;49m[1m        0 (B[m[39;49mused,(B[m[39;49m[1m  6190076 (B[m[39;49mfree.(B[m[39;49m[1m  1069332 (B[m[39;49mcached Mem(B[m[39;49m(B[m[39;49m[K
[K
[7m  PID USER      PR  NI    VIRT    RES    SHR S  %CPU %MEM     TIME+ COMMAND     (B[m[39;49m[K
(B[m  767 message+  20   0   40256   2488   1044 S   6.4  0.0   0:01.85 dbus-daemon (B[m[39;49m[K
(B[m 1074 root      20   0  284380  35080  25496 S   6.4  0.6   0:25.09 Xorg        (B[m[39;49m[K
(B[m[1m 3864 root      20   0   29144   1528   1072 R   6.4  0.0   0:00.01 top         (B[m[39;49m[K
(B[m    1 root      20   0   33772   3056   1468 S   0.0  0.1   0:01.64 init        (B[m[39;49m[K
(B[m    2 root      20   0       0      0      0 S   0.0  0.0   0:00.00 kthreadd    (B[m[39;49m[K
(B[m    3 root      20   0       0      0      0 S   0.0  0.0   0:00.02 ksoftirqd/0 (B[m[39;49m[K
(B[m    4 root      20   0       0      0      0 S   0.0  0.0   0:00.00 kworker/0:0 (B[m[39;49m[K
(B[m    5 root       0 -20       0      0      0 S   0.0  0.0   0:00.00 kworker/0:+ (B[m[39;49m[K
(B[m    7 root      20   0       0      0      0 S   0.0  0.0   0:00.93 rcu_sched   (B[m[39;49m[K
(B[m    8 root      20   0       0      0      0 S   0.0  0.0   0:00.25 rcuos/0     (B[m[39;49m[K
(B[m    9 root      20   0       0      0      0 S   0.0  0.0   0:00.43 rcuos/1     (B[m[39;49m[K
(B[m   10 root      20   0       0      0      0 S   0.0  0.0   0:00.25 rcuos/2     (B[m[39;49m[K
(B[m   11 root      20   0       0      0      0 S   0.0  0.0   0:00.60 rcuos/3     (B[m[39;49m[K
(B[m   12 root      20   0       0      0      0 S   0.0  0.0   0:00.00 rcuos/4     (B[m[39;49m[K
(B[m   13 root      20   0       0      0      0 S   0.0  0.0   0:00.00 rcuos/5     (B[m[39;49m[K
(B[m   14 root      20   0       0      0      0 S   0.0  0.0   0:00.00 rcuos/6     (B[m[39;49m[K
(B[m   15 root      20   0       0      0      0 S   0.0  0.0   0:00.00 rcuos/7     (B[m[39;49m[K[H(B[mtop - 22:08:21 up 19 min,  2 users,  load average: 0.26, 0.44, 0.34(B[m[39;49m(B[m[39;49m[K
Tasks:(B[m[39;49m[1m 212 (B[m[39;49mtotal,(B[m[39;49m[1m   1 (B[m[39;49mrunning,(B[m[39;49m[1m 207 (B[m[39;49msleeping,(B[m[39;49m[1m   4 (B[m[39;49mstopped,(B[m[39;49m[1m   0 (B[m[39;49mzombie(B[m[39;49m(B[m[39;49m[K
%Cpu(s):(B[m[39;49m[1m  1.2 (B[m[39;49mus,(B[m[39;49m[1m  0.3 (B[m[39;49msy,(B[m[39;49m[1m  0.5 (B[m[39;49mni,(B[m[39;49m[1m 98.0 (B[m[39;49mid,(B[m[39;49m[1m  0.0 (B[m[39;49mwa,(B[m[39;49m[1m  0.0 (B[m[39;49mhi,(B[m[39;49m[1m  0.0 (B[m[39;49msi,(B[m[39;49m[1m  0.0 (B[m[39;49mst(B[m[39;49m(B[m[39;49m[K
KiB Mem: (B[m[39;49m[1m  6009244 (B[m[39;49mtotal,(B[m[39;49m[1m  2210672 (B[m[39;49mused,(B[m[39;49m[1m  3798572 (B[m[39;49mfree,(B[m[39;49m[1m   125464 (B[m[39;49mbuffers(B[m[39;49m(B[m[39;49m[K
KiB Swap:(B[m[39;49m[1m  6190076 (B[m[39;49mtotal,(B[m[39;49m[1m        0 (B[m[39;49mused,(B[m[39;49m[1m  6190076 (B[m[39;49mfree.(B[m[39;49m[1m  1069928 (B[m[39;49mcached Mem(B[m[39;49m(B[m[39;49m[K
[K

(B[m 2978 admin-hp  30  10  679524 109548  59236 S   1.7  1.8   0:15.64 update-man+ (B[m[39;49m[K
(B[m 1953 admin-hp  20   0 1011096  35688  19236 S   1.0  0.6   0:08.27 nautilus    (B[m[39;49m[K
(B[m 1074 root      20   0  284380  35080  25496 S   0.7  0.6   0:25.11 Xorg        (B[m[39;49m[K
(B[m 1647 admin-hp  20   0  680756  26488  16744 S   0.7  0.4   0:02.46 hud-service (B[m[39;49m[K
(B[m 1939 admin-hp  20   0 1300868  75024  31484 S   0.7  1.2   0:30.87 compiz      (B[m[39;49m[K
(B[m  160 root      20   0       0      0      0 S   0.3  0.0   0:00.85 kworker/u1+ (B[m[39;49m[K
(B[m 1576 admin-hp  20   0   40236   2320    912 S   0.3  0.0   0:01.13 dbus-daemon (B[m[39;49m[K
(B[m 1618 admin-hp  20   0   22308    400    196 S   0.3  0.0   0:00.38 upstart-db+ (B[m[39;49m[K
(B[m 1659 admin-hp  20   0  512128  22624  12328 S   0.3  0.4   0:02.75 unity-pane+ (B[m[39;49m[K
(B[m 1737 admin-hp  20   0   20232    940    768 S   0.3  0.0   0:00.75 syndaemon   (B[m[39;49m[K
(B[m 2620 admin-hp  20   0 1747232 132544  77028 S   0.3  2.2   0:39.14 chromium-b+ (B[m[39;49m[K
(B[m 2733 admin-hp  20   0 1085180  87212  30436 S   0.3  1.5   0:04.75 chromium-b+ (B[m[39;49m[K
(B[m 3025 root      25   5  294736  90252  47432 S   0.3  1.5   0:03.84 aptd        (B[m[39;49m[K
(B[m 3048 root      25   5   43944   2404   2004 S   0.3  0.0   0:05.55 http        (B[m[39;49m[K
(B[m    1 root      20   0   33772   3056   1468 S   0.0  0.1   0:01.64 init        (B[m[39;49m[K
(B[m    2 root      20   0       0      0      0 S   0.0  0.0   0:00.00 kthreadd    (B[m[39;49m[K
(B[m    3 root      20   0       0      0      0 S   0.0  0.0   0:00.02 ksoftirqd/0 (B[m[39;49m[K[H(B[mtop - 22:08:24 up 19 min,  2 users,  load average: 0.26, 0.44, 0.34(B[m[39;49m(B[m[39;49m[K
Tasks:(B[m[39;49m[1m 212 (B[m[39;49mtotal,(B[m[39;49m[1m   3 (B[m[39;49mrunning,(B[m[39;49m[1m 205 (B[m[39;49msleeping,(B[m[39;49m[1m   4 (B[m[39;49mstopped,(B[m[39;49m[1m   0 (B[m[39;49mzombie(B[m[39;49m(B[m[39;49m[K
%Cpu(s):(B[m[39;49m[1m  1.2 (B[m[39;49mus,(B[m[39;49m[1m  0.6 (B[m[39;49msy,(B[m[39;49m[1m  0.6 (B[m[39;49mni,(B[m[39;49m[1m 97.5 (B[m[39;49mid,(B[m[39;49m[1m  0.2 (B[m[39;49mwa,(B[m[39;49m[1m  0.0 (B[m[39;49mhi,(B[m[39;49m[1m  0.0 (B[m[39;49msi,(B[m[39;49m[1m  0.0 (B[m[39;49mst(B[m[39;49m(B[m[39;49m[K
KiB Mem: (B[m[39;49m[1m  6009244 (B[m[39;49mtotal,(B[m[39;49m[1m  2210632 (B[m[39;49mused,(B[m[39;49m[1m  3798612 (B[m[39;49mfree,(B[m[39;49m[1m   125472 (B[m[39;49mbuffers(B[m[39;49m(B[m[39;49m[K
KiB Swap:(B[m[39;49m[1m  6190076 (B[m[39;49mtotal,(B[m[39;49m[1m        0 (B[m[39;49mused,(B[m[39;49m[1m  6190076 (B[m[39;49mfree.(B[m[39;49m[1m  1070092 (B[m[39;49mcached Mem(B[m[39;49m(B[m[39;49m[K
[K

(B[m 1074 root      20   0  284380  35080  25496 S   2.0  0.6   0:25.17 Xorg        (B[m[39;49m[K
(B[m 2620 admin-hp  20   0 1747232 132544  77028 S   2.0  2.2   0:39.20 chromium-b+ (B[m[39;49m[K
(B[m 2978 admin-hp  30  10  679524 109548  59236 S   1.7  1.8   0:15.69 update-man+ (B[m[39;49m[K
(B[m 1939 admin-hp  20   0 1300868  75024  31484 S   1.3  1.2   0:30.91 compiz      (B[m[39;49m[K
(B[m 3048 root      25   5   43944   2404   2004 S   1.3  0.0   0:05.59 http        (B[m[39;49m[K
(B[m 3818 admin-hp  20   0  999548  47936  28848 S   1.3  0.8   0:00.30 chromium-b+ (B[m[39;49m[K
(B[m 3611 admin-hp  20   0  662004  23320  12952 S   1.0  0.4   0:00.80 gnome-term+ (B[m[39;49m[K
(B[m 2355 admin-hp  20   0  507244  13776  10248 S   0.7  0.2   0:04.04 update-not+ (B[m[39;49m[K
(B[m[1m 3864 root      20   0   29148   1704   1168 R   0.7  0.0   0:00.03 top         (B[m[39;49m[K
(B[m  767 message+  20   0   40256   2488   1044 S   0.3  0.0   0:01.86 dbus-daemon (B[m[39;49m[K
(B[m 1576 admin-hp  20   0   40236   2320    912 S   0.3  0.0   0:01.14 dbus-daemon (B[m[39;49m[K
(B[m 2733 admin-hp  20   0 1085180  87212  30436 S   0.3  1.5   0:04.76 chromium-b+ (B[m[39;49m[K
(B[m 3025 root      25   5  294736  90252  47432 S   0.3  1.5   0:03.85 aptd        (B[m[39;49m[K
(B[m    1 root      20   0   33772   3056   1468 S   0.0  0.1   0:01.64 init        (B[m[39;49m[K
(B[m    2 root      20   0       0      0      0 S   0.0  0.0   0:00.00 kthreadd    (B[m[39;49m[K
(B[m    3 root      20   0       0      0      0 S   0.0  0.0   0:00.02 ksoftirqd/0 (B[m[39;49m[K
(B[m    4 root      20   0       0      0      0 S   0.0  0.0   0:00.00 kworker/0:0 (B[m[39;49m[K[H(B[mtop - 22:08:27 up 19 min,  2 users,  load average: 0.24, 0.44, 0.34(B[m[39;49m(B[m[39;49m[K
Tasks:(B[m[39;49m[1m 212 (B[m[39;49mtotal,(B[m[39;49m[1m   4 (B[m[39;49mrunning,(B[m[39;49m[1m 204 (B[m[39;49msleeping,(B[m[39;49m[1m   4 (B[m[39;49mstopped,(B[m[39;49m[1m   0 (B[m[39;49mzombie(B[m[39;49m(B[m[39;49m[K
%Cpu(s):(B[m[39;49m[1m  1.9 (B[m[39;49mus,(B[m[39;49m[1m  0.7 (B[m[39;49msy,(B[m[39;49m[1m  0.6 (B[m[39;49mni,(B[m[39;49m[1m 96.6 (B[m[39;49mid,(B[m[39;49m[1m  0.2 (B[m[39;49mwa,(B[m[39;49m[1m  0.0 (B[m[39;49mhi,(B[m[39;49m[1m  0.0 (B[m[39;49msi,(B[m[39;49m[1m  0.0 (B[m[39;49mst(B[m[39;49m(B[m[39;49m[K
KiB Mem: (B[m[39;49m[1m  6009244 (B[m[39;49mtotal,(B[m[39;49m[1m  2212956 (B[m[39;49mused,(B[m[39;49m[1m  3796288 (B[m[39;49mfree,(B[m[39;49m[1m   125480 (B[m[39;49mbuffers(B[m[39;49m(B[m[39;49m[K
KiB Swap:(B[m[39;49m[1m  6190076 (B[m[39;49mtotal,(B[m[39;49m[1m        0 (B[m[39;49mused,(B[m[39;49m[1m  6190076 (B[m[39;49mfree.(B[m[39;49m[1m  1072256 (B[m[39;49mcached Mem(B[m[39;49m(B[m[39;49m[K
[K

(B[m[1m 1939 admin-hp  20   0 1300868  75024  31484 R   4.0  1.2   0:31.03 compiz      (B[m[39;49m[K
(B[m 1074 root      20   0  284300  35188  25604 S   1.7  0.6   0:25.22 Xorg        (B[m[39;49m[K
(B[m 2978 admin-hp  30  10  679524 109548  59236 S   1.3  1.8   0:15.73 update-man+ (B[m[39;49m[K
(B[m 3048 root      25   5   43944   2404   2004 S   1.3  0.0   0:05.63 http        (B[m[39;49m[K
(B[m 1953 admin-hp  20   0 1011096  35688  19236 S   1.0  0.6   0:08.30 nautilus    (B[m[39;49m[K
(B[m 2355 admin-hp  20   0  507244  13776  10248 S   1.0  0.2   0:04.07 update-not+ (B[m[39;49m[K
(B[m 2620 admin-hp  20   0 1747232 132544  77028 S   1.0  2.2   0:39.23 chromium-b+ (B[m[39;49m[K
(B[m 1647 admin-hp  20   0  680888  26488  16744 S   0.7  0.4   0:02.48 hud-service (B[m[39;49m[K
(B[m[1m    7 root      20   0       0      0      0 R   0.3  0.0   0:00.94 rcu_sched   (B[m[39;49m[K
(B[m  767 message+  20   0   40256   2488   1044 S   0.3  0.0   0:01.87 dbus-daemon (B[m[39;49m[K
(B[m 1659 admin-hp  20   0  512128  22624  12328 S   0.3  0.4   0:02.76 unity-pane+ (B[m[39;49m[K
(B[m 2733 admin-hp  20   0 1085180  87212  30436 S   0.3  1.5   0:04.77 chromium-b+ (B[m[39;49m[K
(B[m 2840 admin-hp  20   0 1118192 126740  30864 S   0.3  2.1   0:10.71 chromium-b+ (B[m[39;49m[K
(B[m 2914 admin-hp  20   0 1018024  63336  29380 S   0.3  1.1   0:03.57 chromium-b+ (B[m[39;49m[K
(B[m 3025 root      25   5  294736  90252  47432 S   0.3  1.5   0:03.86 aptd        (B[m[39;49m[K
(B[m 3611 admin-hp  20   0  662004  23320  12952 S   0.3  0.4   0:00.81 gnome-term+ (B[m[39;49m[K
(B[m    1 root      20   0   33772   3056   1468 S   0.0  0.1   0:01.64 init        (B[m[39;49m[K[H(B[mtop - 22:08:30 up 19 min,  2 users,  load average: 0.24, 0.44, 0.34(B[m[39;49m(B[m[39;49m[K
Tasks:(B[m[39;49m[1m 212 (B[m[39;49mtotal,(B[m[39;49m[1m   2 (B[m[39;49mrunning,(B[m[39;49m[1m 206 (B[m[39;49msleeping,(B[m[39;49m[1m   4 (B[m[39;49mstopped,(B[m[39;49m[1m   0 (B[m[39;49mzombie(B[m[39;49m(B[m[39;49m[K
%Cpu(s):(B[m[39;49m[1m  3.1 (B[m[39;49mus,(B[m[39;49m[1m  1.3 (B[m[39;49msy,(B[m[39;49m[1m  0.8 (B[m[39;49mni,(B[m[39;49m[1m 94.9 (B[m[39;49mid,(B[m[39;49m[1m  0.0 (B[m[39;49mwa,(B[m[39;49m[1m  0.0 (B[m[39;49mhi,(B[m[39;49m[1m  0.0 (B[m[39;49msi,(B[m[39;49m[1m  0.0 (B[m[39;49mst(B[m[39;49m(B[m[39;49m[K
KiB Mem: (B[m[39;49m[1m  6009244 (B[m[39;49mtotal,(B[m[39;49m[1m  2213076 (B[m[39;49mused,(B[m[39;49m[1m  3796168 (B[m[39;49mfree,(B[m[39;49m[1m   125480 (B[m[39;49mbuffers(B[m[39;49m(B[m[39;49m[K
KiB Swap:(B[m[39;49m[1m  6190076 (B[m[39;49mtotal,(B[m[39;49m[1m        0 (B[m[39;49mused,(B[m[39;49m[1m  6190076 (B[m[39;49mfree.(B[m[39;49m[1m  1072176 (B[m[39;49mcached Mem(B[m[39;49m(B[m[39;49m[K
[K

(B[m 1939 admin-hp  20   0 1300908  75152  31612 S   7.3  1.3   0:31.25 compiz      (B[m[39;49m[K
(B[m 1074 root      20   0  284124  35072  25488 S   4.3  0.6   0:25.35 Xorg        (B[m[39;49m[K
(B[m 2978 admin-hp  30  10  679524 109548  59236 S   2.3  1.8   0:15.80 update-man+ (B[m[39;49m[K
(B[m 3048 root      25   5   43944   2404   2004 S   1.0  0.0   0:05.66 http        (B[m[39;49m[K
(B[m 3611 admin-hp  20   0  662004  23320  12952 S   1.0  0.4   0:00.84 gnome-term+ (B[m[39;49m[K
(B[m 2355 admin-hp  20   0  507244  13776  10248 S   0.7  0.2   0:04.09 update-not+ (B[m[39;49m[K
(B[m 2620 admin-hp  20   0 1747232 132544  77028 S   0.7  2.2   0:39.25 chromium-b+ (B[m[39;49m[K
(B[m[1m 3864 root      20   0   29148   1704   1168 R   0.7  0.0   0:00.05 top         (B[m[39;49m[K
(B[m  160 root      20   0       0      0      0 S   0.3  0.0   0:00.86 kworker/u1+ (B[m[39;49m[K
(B[m  767 message+  20   0   40256   2488   1044 S   0.3  0.0   0:01.88 dbus-daemon (B[m[39;49m[K
(B[m  975 root      20   0  356792   7364   5512 S   0.3  0.1   0:00.77 NetworkMan+ (B[m[39;49m[K
(B[m 1590 admin-hp  20   0  376744   5272   3640 S   0.3  0.1   0:03.66 ibus-daemon (B[m[39;49m[K
(B[m 1607 admin-hp  20   0  492744  15648  10752 S   0.3  0.3   0:01.17 ibus-ui-gt+ (B[m[39;49m[K
(B[m 1647 admin-hp  20   0  680888  26488  16744 S   0.3  0.4   0:02.49 hud-service (B[m[39;49m[K
(B[m 1659 admin-hp  20   0  512128  22624  12328 S   0.3  0.4   0:02.77 unity-pane+ (B[m[39;49m[K
(B[m 1716 admin-hp  20   0  564900  13180   8576 S   0.3  0.2   0:01.04 bamfdaemon  (B[m[39;49m[K
(B[m 1953 admin-hp  20   0 1011096  35688  19236 S   0.3  0.6   0:08.31 nautilus    (B[m[39;49m[K[H(B[mtop - 22:08:33 up 19 min,  2 users,  load average: 0.22, 0.43, 0.33(B[m[39;49m(B[m[39;49m[K
Tasks:(B[m[39;49m[1m 212 (B[m[39;49mtotal,(B[m[39;49m[1m   1 (B[m[39;49mrunning,(B[m[39;49m[1m 207 (B[m[39;49msleeping,(B[m[39;49m[1m   4 (B[m[39;49mstopped,(B[m[39;49m[1m   0 (B[m[39;49mzombie(B[m[39;49m(B[m[39;49m[K
%Cpu(s):(B[m[39;49m[1m  1.2 (B[m[39;49mus,(B[m[39;49m[1m  0.9 (B[m[39;49msy,(B[m[39;49m[1m  1.6 (B[m[39;49mni,(B[m[39;49m[1m 96.1 (B[m[39;49mid,(B[m[39;49m[1m  0.2 (B[m[39;49mwa,(B[m[39;49m[1m  0.0 (B[m[39;49mhi,(B[m[39;49m[1m  0.0 (B[m[39;49msi,(B[m[39;49m[1m  0.0 (B[m[39;49mst(B[m[39;49m(B[m[39;49m[K
KiB Mem: (B[m[39;49m[1m  6009244 (B[m[39;49mtotal,(B[m[39;49m[1m  2213188 (B[m[39;49mused,(B[m[39;49m[1m  3796056 (B[m[39;49mfree,(B[m[39;49m[1m   125488 (B[m[39;49mbuffers(B[m[39;49m(B[m[39;49m[K
KiB Swap:(B[m[39;49m[1m  6190076 (B[m[39;49mtotal,(B[m[39;49m[1m        0 (B[m[39;49mused,(B[m[39;49m[1m  6190076 (B[m[39;49mfree.(B[m[39;49m[1m  1072628 (B[m[39;49mcached Mem(B[m[39;49m(B[m[39;49m[K
[K

(B[m 2978 admin-hp  30  10  679524 109620  59292 S   3.7  1.8   0:15.91 update-man+ (B[m[39;49m[K
(B[m 1074 root      20   0  283636  35264  25680 S   2.0  0.6   0:25.41 Xorg        (B[m[39;49m[K
(B[m 3048 root      25   5   43944   2404   2004 S   2.0  0.0   0:05.72 http        (B[m[39;49m[K
(B[m 1939 admin-hp  20   0 1300812  75088  31548 S   1.0  1.2   0:31.28 compiz      (B[m[39;49m[K
(B[m  767 message+  20   0   40256   2488   1044 S   0.7  0.0   0:01.90 dbus-daemon (B[m[39;49m[K
(B[m 1647 admin-hp  20   0  680888  26488  16744 S   0.7  0.4   0:02.51 hud-service (B[m[39;49m[K
(B[m 1953 admin-hp  20   0 1011096  35688  19236 S   0.7  0.6   0:08.33 nautilus    (B[m[39;49m[K
(B[m 2355 admin-hp  20   0  507244  13776  10248 S   0.7  0.2   0:04.11 update-not+ (B[m[39;49m[K
(B[m 3025 root      25   5  294736  90252  47432 S   0.7  1.5   0:03.89 aptd        (B[m[39;49m[K
(B[m 1576 admin-hp  20   0   40236   2320    912 S   0.3  0.0   0:01.15 dbus-daemon (B[m[39;49m[K
(B[m 1659 admin-hp  20   0  512128  22624  12328 S   0.3  0.4   0:02.78 unity-pane+ (B[m[39;49m[K
(B[m 1737 admin-hp  20   0   20232    940    768 S   0.3  0.0   0:00.76 syndaemon   (B[m[39;49m[K
(B[m 2620 admin-hp  20   0 1747232 132544  77028 S   0.3  2.2   0:39.26 chromium-b+ (B[m[39;49m[K
(B[m 2733 admin-hp  20   0 1085180  87160  30436 S   0.3  1.5   0:04.79 chromium-b+ (B[m[39;49m[K
(B[m    1 root      20   0   33772   3056   1468 S   0.0  0.1   0:01.64 init        (B[m[39;49m[K
